AR alu32dff behavioral "C:/Documents and Settings/student/Desktop/Lab2_zixuang/Lab2_zixuan/ALU32DFF.vhf" sub00/vhpl33 1769303102
AR add_8b behavioral "C:/Documents and Settings/student/Desktop/Lab2_zixuang/Lab2_zixuan/add_8b.vhf" sub00/vhpl03 1769303074
EN inv16_mxilinx_inv32 NULL "C:/Documents and Settings/student/Desktop/Lab2_zixuang/Lab2_zixuan/inv32.vhf" sub00/vhpl10 1769303083
EN inv32 NULL "C:/Documents and Settings/student/Desktop/Lab2_zixuang/Lab2_zixuan/inv32.vhf" sub00/vhpl12 1769303085
EN m2_1_mxilinx_alu32_sch NULL "C:/Documents and Settings/student/Desktop/Lab2_zixuang/Lab2_zixuan/Alu32_sch.vhf" sub00/vhpl20 1769303093
AR and_32bit behavioral "C:/Documents and Settings/student/Desktop/Lab2_zixuang/Lab2_zixuan/and_32bit.vhf" sub00/vhpl19 1769303092
AR inv32 behavioral "C:/Documents and Settings/student/Desktop/Lab2_zixuang/Lab2_zixuan/inv32.vhf" sub00/vhpl13 1769303086
AR dff3 behavioral "C:/Documents and Settings/student/Desktop/Lab2_zixuang/Lab2_zixuan/DFF3.vhf" sub00/vhpl31 1769303100
EN add_1b NULL "C:/Documents and Settings/student/Desktop/Lab2_zixuang/Lab2_zixuan/add_1b.vhf" sub00/vhpl00 1769303069
AR inv16_mxilinx_inv32 behavioral "C:/Documents and Settings/student/Desktop/Lab2_zixuang/Lab2_zixuan/inv32.vhf" sub00/vhpl11 1769303084
EN and_32bit NULL "C:/Documents and Settings/student/Desktop/Lab2_zixuang/Lab2_zixuan/and_32bit.vhf" sub00/vhpl18 1769303091
AR add_1b behavioral "C:/Documents and Settings/student/Desktop/Lab2_zixuang/Lab2_zixuan/add_1b.vhf" sub00/vhpl01 1769303070
AR mux_32b behavioral "C:/Documents and Settings/student/Desktop/Lab2_zixuang/Lab2_zixuan/MUX_32b.vhf" sub00/vhpl09 1769303082
EN add32 NULL "C:/Documents and Settings/student/Desktop/Lab2_zixuang/Lab2_zixuan/add32.vhf" sub00/vhpl04 1769303077
AR add32 behavioral "C:/Documents and Settings/student/Desktop/Lab2_zixuang/Lab2_zixuan/add32.vhf" sub00/vhpl05 1769303078
EN mux_32b NULL "C:/Documents and Settings/student/Desktop/Lab2_zixuang/Lab2_zixuan/MUX_32b.vhf" sub00/vhpl08 1769303081
EN add_8b NULL "C:/Documents and Settings/student/Desktop/Lab2_zixuang/Lab2_zixuan/add_8b.vhf" sub00/vhpl02 1769303073
EN buffer31 NULL "C:/Documents and Settings/student/Desktop/Lab2_zixuang/Lab2_zixuan/buffer31.vhf" sub00/vhpl14 1769303087
EN alu32_sch NULL "C:/Documents and Settings/student/Desktop/Lab2_zixuang/Lab2_zixuan/Alu32_sch.vhf" sub00/vhpl22 1769303095
AR alu32_sch behavioral "C:/Documents and Settings/student/Desktop/Lab2_zixuang/Lab2_zixuan/Alu32_sch.vhf" sub00/vhpl23 1769303096
EN alu32dff NULL "C:/Documents and Settings/student/Desktop/Lab2_zixuang/Lab2_zixuan/ALU32DFF.vhf" sub00/vhpl32 1769303101
AR m2_1_mxilinx_mux_32b behavioral "C:/Documents and Settings/student/Desktop/Lab2_zixuang/Lab2_zixuan/MUX_32b.vhf" sub00/vhpl07 1769303080
AR dff8 behavioral "C:/Documents and Settings/student/Desktop/Lab2_zixuang/Lab2_zixuan/dff8.vhf" sub00/vhpl25 1769303072
EN dff16 NULL "C:/Documents and Settings/student/Desktop/Lab2_zixuang/Lab2_zixuan/DFF16.vhf" sub00/vhpl26 1769303075
AR dff32 behavioral "C:/Documents and Settings/student/Desktop/Lab2_zixuang/Lab2_zixuan/DFF32.vhf" sub00/vhpl29 1769303098
EN dff32 NULL "C:/Documents and Settings/student/Desktop/Lab2_zixuang/Lab2_zixuan/DFF32.vhf" sub00/vhpl28 1769303097
AR or16_mxilinx_and_32bit behavioral "C:/Documents and Settings/student/Desktop/Lab2_zixuang/Lab2_zixuan/and_32bit.vhf" sub00/vhpl17 1769303090
AR dff16 behavioral "C:/Documents and Settings/student/Desktop/Lab2_zixuang/Lab2_zixuan/DFF16.vhf" sub00/vhpl27 1769303076
EN dff3 NULL "C:/Documents and Settings/student/Desktop/Lab2_zixuang/Lab2_zixuan/DFF3.vhf" sub00/vhpl30 1769303099
EN m2_1_mxilinx_mux_32b NULL "C:/Documents and Settings/student/Desktop/Lab2_zixuang/Lab2_zixuan/MUX_32b.vhf" sub00/vhpl06 1769303079
EN dff8 NULL "C:/Documents and Settings/student/Desktop/Lab2_zixuang/Lab2_zixuan/dff8.vhf" sub00/vhpl24 1769303071
AR buffer31 behavioral "C:/Documents and Settings/student/Desktop/Lab2_zixuang/Lab2_zixuan/buffer31.vhf" sub00/vhpl15 1769303088
EN or16_mxilinx_and_32bit NULL "C:/Documents and Settings/student/Desktop/Lab2_zixuang/Lab2_zixuan/and_32bit.vhf" sub00/vhpl16 1769303089
AR m2_1_mxilinx_alu32_sch behavioral "C:/Documents and Settings/student/Desktop/Lab2_zixuang/Lab2_zixuan/Alu32_sch.vhf" sub00/vhpl21 1769303094
