--------------------------------------------------------------------------------
Release 10.1 Trace  (nt)
Copyright (c) 1995-2008 Xilinx, Inc.  All rights reserved.

C:\Xilinx\10.1\ISE\bin\nt\unwrapped\trce.exe -ise
C:/Documents and Settings/student/Desktop/Lab2_zixuang/Lab2_zixuan/Lab2_zixuan.ise
-intstyle ise -e 3 -s 6 -xml Alu32_sch Alu32_sch.ncd -o Alu32_sch.twr
Alu32_sch.pcf

Design file:              Alu32_sch.ncd
Physical constraint file: Alu32_sch.pcf
Device,package,speed:     xc2vp30,ff896,-6 (PRODUCTION 1.94 2008-01-09)
Report level:             error report

Environment Variable      Effect 
--------------------      ------ 
NONE                      No environment variables were set
--------------------------------------------------------------------------------

INFO:Timing:2698 - No timing constraints found, doing default enumeration.
INFO:Timing:2752 - To get complete path coverage, use the unconstrained paths 
   option. All paths that are not constrained will be reported in the 
   unconstrained paths section(s) of the report.
INFO:Timing:3339 - The clock-to-out numbers in this timing report are based on 
   a 50 Ohm transmission line loading model.  For the details of this model, 
   and for more information on accounting for different loading conditions, 
   please see the device datasheet.



Data Sheet report:
-----------------
All values displayed in nanoseconds (ns)

Pad to Pad
---------------+---------------+---------+
Source Pad     |Destination Pad|  Delay  |
---------------+---------------+---------+
A<0>           |Rout<0>        |   10.796|
A<0>           |Rout<1>        |    7.457|
A<0>           |Rout<2>        |    6.522|
A<0>           |Rout<3>        |    8.317|
A<0>           |Rout<4>        |    9.575|
A<0>           |Rout<5>        |    9.750|
A<0>           |Rout<6>        |   10.670|
A<0>           |Rout<7>        |   11.100|
A<0>           |Rout<8>        |   10.302|
A<0>           |Rout<9>        |   11.865|
A<0>           |Rout<10>       |   11.713|
A<0>           |Rout<11>       |   13.259|
A<0>           |Rout<12>       |   13.660|
A<0>           |Rout<13>       |   14.839|
A<0>           |Rout<14>       |   14.576|
A<0>           |Rout<15>       |   15.665|
A<0>           |Rout<16>       |   15.456|
A<0>           |Rout<17>       |   18.096|
A<0>           |Rout<18>       |   16.641|
A<0>           |Rout<19>       |   18.592|
A<0>           |Rout<20>       |   17.535|
A<0>           |Rout<21>       |   20.321|
A<0>           |Rout<22>       |   18.324|
A<0>           |Rout<23>       |   20.692|
A<0>           |Rout<24>       |   20.318|
A<0>           |Rout<25>       |   22.248|
A<0>           |Rout<26>       |   21.889|
A<0>           |Rout<27>       |   22.198|
A<0>           |Rout<28>       |   22.170|
A<0>           |Rout<29>       |   23.021|
A<0>           |Rout<30>       |   23.385|
A<0>           |Rout<31>       |   24.401|
A<1>           |Rout<0>        |    6.842|
A<1>           |Rout<1>        |    7.064|
A<1>           |Rout<2>        |    6.079|
A<1>           |Rout<3>        |    7.858|
A<1>           |Rout<4>        |    9.116|
A<1>           |Rout<5>        |    9.291|
A<1>           |Rout<6>        |   10.211|
A<1>           |Rout<7>        |   10.641|
A<1>           |Rout<8>        |    9.843|
A<1>           |Rout<9>        |   11.406|
A<1>           |Rout<10>       |   11.254|
A<1>           |Rout<11>       |   12.800|
A<1>           |Rout<12>       |   13.201|
A<1>           |Rout<13>       |   14.380|
A<1>           |Rout<14>       |   14.117|
A<1>           |Rout<15>       |   15.206|
A<1>           |Rout<16>       |   14.997|
A<1>           |Rout<17>       |   17.637|
A<1>           |Rout<18>       |   16.182|
A<1>           |Rout<19>       |   18.133|
A<1>           |Rout<20>       |   17.076|
A<1>           |Rout<21>       |   19.862|
A<1>           |Rout<22>       |   17.865|
A<1>           |Rout<23>       |   20.233|
A<1>           |Rout<24>       |   19.859|
A<1>           |Rout<25>       |   21.789|
A<1>           |Rout<26>       |   21.430|
A<1>           |Rout<27>       |   21.739|
A<1>           |Rout<28>       |   21.711|
A<1>           |Rout<29>       |   22.562|
A<1>           |Rout<30>       |   22.926|
A<1>           |Rout<31>       |   23.942|
A<2>           |Rout<0>        |   11.304|
A<2>           |Rout<1>        |    6.384|
A<2>           |Rout<2>        |    6.350|
A<2>           |Rout<3>        |    6.933|
A<2>           |Rout<4>        |    8.191|
A<2>           |Rout<5>        |    8.366|
A<2>           |Rout<6>        |    9.286|
A<2>           |Rout<7>        |    9.716|
A<2>           |Rout<8>        |    8.918|
A<2>           |Rout<9>        |   10.481|
A<2>           |Rout<10>       |   10.329|
A<2>           |Rout<11>       |   11.875|
A<2>           |Rout<12>       |   12.276|
A<2>           |Rout<13>       |   13.455|
A<2>           |Rout<14>       |   13.192|
A<2>           |Rout<15>       |   14.281|
A<2>           |Rout<16>       |   14.072|
A<2>           |Rout<17>       |   16.712|
A<2>           |Rout<18>       |   15.257|
A<2>           |Rout<19>       |   17.208|
A<2>           |Rout<20>       |   16.151|
A<2>           |Rout<21>       |   18.937|
A<2>           |Rout<22>       |   16.940|
A<2>           |Rout<23>       |   19.308|
A<2>           |Rout<24>       |   18.934|
A<2>           |Rout<25>       |   20.864|
A<2>           |Rout<26>       |   20.505|
A<2>           |Rout<27>       |   20.814|
A<2>           |Rout<28>       |   20.786|
A<2>           |Rout<29>       |   21.637|
A<2>           |Rout<30>       |   22.001|
A<2>           |Rout<31>       |   23.017|
A<3>           |Rout<0>        |   10.825|
A<3>           |Rout<2>        |    5.147|
A<3>           |Rout<3>        |    6.041|
A<3>           |Rout<4>        |    7.925|
A<3>           |Rout<5>        |    8.100|
A<3>           |Rout<6>        |    9.020|
A<3>           |Rout<7>        |    9.450|
A<3>           |Rout<8>        |    8.652|
A<3>           |Rout<9>        |   10.215|
A<3>           |Rout<10>       |   10.063|
A<3>           |Rout<11>       |   11.609|
A<3>           |Rout<12>       |   12.010|
A<3>           |Rout<13>       |   13.189|
A<3>           |Rout<14>       |   12.926|
A<3>           |Rout<15>       |   14.015|
A<3>           |Rout<16>       |   13.806|
A<3>           |Rout<17>       |   16.446|
A<3>           |Rout<18>       |   14.991|
A<3>           |Rout<19>       |   16.942|
A<3>           |Rout<20>       |   15.885|
A<3>           |Rout<21>       |   18.671|
A<3>           |Rout<22>       |   16.674|
A<3>           |Rout<23>       |   19.042|
A<3>           |Rout<24>       |   18.668|
A<3>           |Rout<25>       |   20.598|
A<3>           |Rout<26>       |   20.239|
A<3>           |Rout<27>       |   20.548|
A<3>           |Rout<28>       |   20.520|
A<3>           |Rout<29>       |   21.371|
A<3>           |Rout<30>       |   21.735|
A<3>           |Rout<31>       |   22.751|
A<4>           |Rout<0>        |   10.690|
A<4>           |Rout<3>        |    6.054|
A<4>           |Rout<4>        |    6.941|
A<4>           |Rout<5>        |    7.048|
A<4>           |Rout<6>        |    7.968|
A<4>           |Rout<7>        |    8.398|
A<4>           |Rout<8>        |    7.600|
A<4>           |Rout<9>        |    9.163|
A<4>           |Rout<10>       |    9.011|
A<4>           |Rout<11>       |   10.557|
A<4>           |Rout<12>       |   10.958|
A<4>           |Rout<13>       |   12.137|
A<4>           |Rout<14>       |   11.874|
A<4>           |Rout<15>       |   12.963|
A<4>           |Rout<16>       |   12.754|
A<4>           |Rout<17>       |   15.394|
A<4>           |Rout<18>       |   13.939|
A<4>           |Rout<19>       |   15.890|
A<4>           |Rout<20>       |   14.833|
A<4>           |Rout<21>       |   17.619|
A<4>           |Rout<22>       |   15.622|
A<4>           |Rout<23>       |   17.990|
A<4>           |Rout<24>       |   17.616|
A<4>           |Rout<25>       |   19.546|
A<4>           |Rout<26>       |   19.187|
A<4>           |Rout<27>       |   19.496|
A<4>           |Rout<28>       |   19.468|
A<4>           |Rout<29>       |   20.319|
A<4>           |Rout<30>       |   20.683|
A<4>           |Rout<31>       |   21.699|
A<5>           |Rout<0>        |   11.843|
A<5>           |Rout<4>        |    6.628|
A<5>           |Rout<5>        |    7.179|
A<5>           |Rout<6>        |    7.858|
A<5>           |Rout<7>        |    8.288|
A<5>           |Rout<8>        |    7.490|
A<5>           |Rout<9>        |    9.053|
A<5>           |Rout<10>       |    8.901|
A<5>           |Rout<11>       |   10.447|
A<5>           |Rout<12>       |   10.848|
A<5>           |Rout<13>       |   12.027|
A<5>           |Rout<14>       |   11.764|
A<5>           |Rout<15>       |   12.853|
A<5>           |Rout<16>       |   12.644|
A<5>           |Rout<17>       |   15.284|
A<5>           |Rout<18>       |   13.829|
A<5>           |Rout<19>       |   15.780|
A<5>           |Rout<20>       |   14.723|
A<5>           |Rout<21>       |   17.509|
A<5>           |Rout<22>       |   15.512|
A<5>           |Rout<23>       |   17.880|
A<5>           |Rout<24>       |   17.506|
A<5>           |Rout<25>       |   19.436|
A<5>           |Rout<26>       |   19.077|
A<5>           |Rout<27>       |   19.386|
A<5>           |Rout<28>       |   19.358|
A<5>           |Rout<29>       |   20.209|
A<5>           |Rout<30>       |   20.573|
A<5>           |Rout<31>       |   21.589|
A<6>           |Rout<0>        |   11.482|
A<6>           |Rout<5>        |    7.248|
A<6>           |Rout<6>        |    6.840|
A<6>           |Rout<7>        |    7.574|
A<6>           |Rout<8>        |    6.776|
A<6>           |Rout<9>        |    8.339|
A<6>           |Rout<10>       |    8.187|
A<6>           |Rout<11>       |    9.733|
A<6>           |Rout<12>       |   10.134|
A<6>           |Rout<13>       |   11.313|
A<6>           |Rout<14>       |   11.050|
A<6>           |Rout<15>       |   12.139|
A<6>           |Rout<16>       |   11.930|
A<6>           |Rout<17>       |   14.570|
A<6>           |Rout<18>       |   13.115|
A<6>           |Rout<19>       |   15.066|
A<6>           |Rout<20>       |   14.009|
A<6>           |Rout<21>       |   16.795|
A<6>           |Rout<22>       |   14.798|
A<6>           |Rout<23>       |   17.166|
A<6>           |Rout<24>       |   16.792|
A<6>           |Rout<25>       |   18.722|
A<6>           |Rout<26>       |   18.363|
A<6>           |Rout<27>       |   18.672|
A<6>           |Rout<28>       |   18.644|
A<6>           |Rout<29>       |   19.495|
A<6>           |Rout<30>       |   19.859|
A<6>           |Rout<31>       |   20.875|
A<7>           |Rout<0>        |   12.076|
A<7>           |Rout<6>        |    8.016|
A<7>           |Rout<7>        |    7.797|
A<7>           |Rout<8>        |    6.775|
A<7>           |Rout<9>        |    8.338|
A<7>           |Rout<10>       |    8.186|
A<7>           |Rout<11>       |    9.732|
A<7>           |Rout<12>       |   10.133|
A<7>           |Rout<13>       |   11.312|
A<7>           |Rout<14>       |   11.049|
A<7>           |Rout<15>       |   12.138|
A<7>           |Rout<16>       |   11.929|
A<7>           |Rout<17>       |   14.569|
A<7>           |Rout<18>       |   13.114|
A<7>           |Rout<19>       |   15.065|
A<7>           |Rout<20>       |   14.008|
A<7>           |Rout<21>       |   16.794|
A<7>           |Rout<22>       |   14.797|
A<7>           |Rout<23>       |   17.165|
A<7>           |Rout<24>       |   16.791|
A<7>           |Rout<25>       |   18.721|
A<7>           |Rout<26>       |   18.362|
A<7>           |Rout<27>       |   18.671|
A<7>           |Rout<28>       |   18.643|
A<7>           |Rout<29>       |   19.494|
A<7>           |Rout<30>       |   19.858|
A<7>           |Rout<31>       |   20.874|
A<8>           |Rout<0>        |   11.018|
A<8>           |Rout<7>        |    6.543|
A<8>           |Rout<8>        |    5.155|
A<8>           |Rout<9>        |    6.250|
A<8>           |Rout<10>       |    6.098|
A<8>           |Rout<11>       |    7.644|
A<8>           |Rout<12>       |    8.045|
A<8>           |Rout<13>       |    9.224|
A<8>           |Rout<14>       |    8.961|
A<8>           |Rout<15>       |   10.050|
A<8>           |Rout<16>       |    9.841|
A<8>           |Rout<17>       |   12.481|
A<8>           |Rout<18>       |   11.026|
A<8>           |Rout<19>       |   12.977|
A<8>           |Rout<20>       |   11.920|
A<8>           |Rout<21>       |   14.706|
A<8>           |Rout<22>       |   12.709|
A<8>           |Rout<23>       |   15.077|
A<8>           |Rout<24>       |   14.703|
A<8>           |Rout<25>       |   16.633|
A<8>           |Rout<26>       |   16.274|
A<8>           |Rout<27>       |   16.583|
A<8>           |Rout<28>       |   16.555|
A<8>           |Rout<29>       |   17.406|
A<8>           |Rout<30>       |   17.770|
A<8>           |Rout<31>       |   18.786|
A<9>           |Rout<0>        |   12.763|
A<9>           |Rout<8>        |    6.968|
A<9>           |Rout<9>        |    8.020|
A<9>           |Rout<10>       |    7.616|
A<9>           |Rout<11>       |    9.162|
A<9>           |Rout<12>       |    9.563|
A<9>           |Rout<13>       |   10.742|
A<9>           |Rout<14>       |   10.479|
A<9>           |Rout<15>       |   11.568|
A<9>           |Rout<16>       |   11.359|
A<9>           |Rout<17>       |   13.999|
A<9>           |Rout<18>       |   12.544|
A<9>           |Rout<19>       |   14.495|
A<9>           |Rout<20>       |   13.438|
A<9>           |Rout<21>       |   16.224|
A<9>           |Rout<22>       |   14.227|
A<9>           |Rout<23>       |   16.595|
A<9>           |Rout<24>       |   16.221|
A<9>           |Rout<25>       |   18.151|
A<9>           |Rout<26>       |   17.792|
A<9>           |Rout<27>       |   18.101|
A<9>           |Rout<28>       |   18.073|
A<9>           |Rout<29>       |   18.924|
A<9>           |Rout<30>       |   19.288|
A<9>           |Rout<31>       |   20.304|
A<10>          |Rout<0>        |   12.011|
A<10>          |Rout<9>        |    6.628|
A<10>          |Rout<10>       |    5.156|
A<10>          |Rout<11>       |    6.955|
A<10>          |Rout<12>       |    7.265|
A<10>          |Rout<13>       |    8.444|
A<10>          |Rout<14>       |    8.181|
A<10>          |Rout<15>       |    9.270|
A<10>          |Rout<16>       |    9.061|
A<10>          |Rout<17>       |   11.701|
A<10>          |Rout<18>       |   10.246|
A<10>          |Rout<19>       |   12.197|
A<10>          |Rout<20>       |   11.140|
A<10>          |Rout<21>       |   13.926|
A<10>          |Rout<22>       |   11.929|
A<10>          |Rout<23>       |   14.297|
A<10>          |Rout<24>       |   13.923|
A<10>          |Rout<25>       |   15.853|
A<10>          |Rout<26>       |   15.494|
A<10>          |Rout<27>       |   15.803|
A<10>          |Rout<28>       |   15.775|
A<10>          |Rout<29>       |   16.626|
A<10>          |Rout<30>       |   16.990|
A<10>          |Rout<31>       |   18.006|
A<11>          |Rout<0>        |   11.887|
A<11>          |Rout<10>       |    6.288|
A<11>          |Rout<11>       |    7.346|
A<11>          |Rout<12>       |    7.340|
A<11>          |Rout<13>       |    8.519|
A<11>          |Rout<14>       |    8.256|
A<11>          |Rout<15>       |    9.345|
A<11>          |Rout<16>       |    9.136|
A<11>          |Rout<17>       |   11.776|
A<11>          |Rout<18>       |   10.321|
A<11>          |Rout<19>       |   12.272|
A<11>          |Rout<20>       |   11.215|
A<11>          |Rout<21>       |   14.001|
A<11>          |Rout<22>       |   12.004|
A<11>          |Rout<23>       |   14.372|
A<11>          |Rout<24>       |   13.998|
A<11>          |Rout<25>       |   15.928|
A<11>          |Rout<26>       |   15.569|
A<11>          |Rout<27>       |   15.878|
A<11>          |Rout<28>       |   15.850|
A<11>          |Rout<29>       |   16.701|
A<11>          |Rout<30>       |   17.065|
A<11>          |Rout<31>       |   18.081|
A<12>          |Rout<0>        |   12.631|
A<12>          |Rout<11>       |    7.503|
A<12>          |Rout<12>       |    6.367|
A<12>          |Rout<13>       |    8.154|
A<12>          |Rout<14>       |    7.891|
A<12>          |Rout<15>       |    8.980|
A<12>          |Rout<16>       |    8.771|
A<12>          |Rout<17>       |   11.411|
A<12>          |Rout<18>       |    9.956|
A<12>          |Rout<19>       |   11.907|
A<12>          |Rout<20>       |   10.850|
A<12>          |Rout<21>       |   13.636|
A<12>          |Rout<22>       |   11.639|
A<12>          |Rout<23>       |   14.007|
A<12>          |Rout<24>       |   13.633|
A<12>          |Rout<25>       |   15.563|
A<12>          |Rout<26>       |   15.204|
A<12>          |Rout<27>       |   15.513|
A<12>          |Rout<28>       |   15.485|
A<12>          |Rout<29>       |   16.336|
A<12>          |Rout<30>       |   16.700|
A<12>          |Rout<31>       |   17.716|
A<13>          |Rout<0>        |   10.701|
A<13>          |Rout<12>       |    6.549|
A<13>          |Rout<13>       |    5.484|
A<13>          |Rout<14>       |    6.095|
A<13>          |Rout<15>       |    7.184|
A<13>          |Rout<16>       |    6.975|
A<13>          |Rout<17>       |    9.615|
A<13>          |Rout<18>       |    8.160|
A<13>          |Rout<19>       |   10.111|
A<13>          |Rout<20>       |    9.054|
A<13>          |Rout<21>       |   11.840|
A<13>          |Rout<22>       |    9.843|
A<13>          |Rout<23>       |   12.211|
A<13>          |Rout<24>       |   11.837|
A<13>          |Rout<25>       |   13.767|
A<13>          |Rout<26>       |   13.408|
A<13>          |Rout<27>       |   13.717|
A<13>          |Rout<28>       |   13.689|
A<13>          |Rout<29>       |   14.540|
A<13>          |Rout<30>       |   14.904|
A<13>          |Rout<31>       |   15.920|
A<14>          |Rout<0>        |   12.449|
A<14>          |Rout<13>       |    5.711|
A<14>          |Rout<14>       |    6.385|
A<14>          |Rout<15>       |    7.553|
A<14>          |Rout<16>       |    7.344|
A<14>          |Rout<17>       |    9.984|
A<14>          |Rout<18>       |    8.529|
A<14>          |Rout<19>       |   10.480|
A<14>          |Rout<20>       |    9.423|
A<14>          |Rout<21>       |   12.209|
A<14>          |Rout<22>       |   10.212|
A<14>          |Rout<23>       |   12.580|
A<14>          |Rout<24>       |   12.206|
A<14>          |Rout<25>       |   14.136|
A<14>          |Rout<26>       |   13.777|
A<14>          |Rout<27>       |   14.086|
A<14>          |Rout<28>       |   14.058|
A<14>          |Rout<29>       |   14.909|
A<14>          |Rout<30>       |   15.273|
A<14>          |Rout<31>       |   16.289|
A<15>          |Rout<0>        |   11.694|
A<15>          |Rout<14>       |    6.506|
A<15>          |Rout<15>       |    6.836|
A<15>          |Rout<16>       |    6.732|
A<15>          |Rout<17>       |    9.353|
A<15>          |Rout<18>       |    7.898|
A<15>          |Rout<19>       |    9.849|
A<15>          |Rout<20>       |    8.792|
A<15>          |Rout<21>       |   11.578|
A<15>          |Rout<22>       |    9.581|
A<15>          |Rout<23>       |   11.949|
A<15>          |Rout<24>       |   11.575|
A<15>          |Rout<25>       |   13.505|
A<15>          |Rout<26>       |   13.146|
A<15>          |Rout<27>       |   13.455|
A<15>          |Rout<28>       |   13.427|
A<15>          |Rout<29>       |   14.278|
A<15>          |Rout<30>       |   14.642|
A<15>          |Rout<31>       |   15.658|
A<16>          |Rout<0>        |   11.732|
A<16>          |Rout<15>       |    7.241|
A<16>          |Rout<16>       |    6.748|
A<16>          |Rout<17>       |    8.753|
A<16>          |Rout<18>       |    7.298|
A<16>          |Rout<19>       |    9.249|
A<16>          |Rout<20>       |    8.192|
A<16>          |Rout<21>       |   10.978|
A<16>          |Rout<22>       |    8.981|
A<16>          |Rout<23>       |   11.349|
A<16>          |Rout<24>       |   10.975|
A<16>          |Rout<25>       |   12.905|
A<16>          |Rout<26>       |   12.546|
A<16>          |Rout<27>       |   12.855|
A<16>          |Rout<28>       |   12.827|
A<16>          |Rout<29>       |   13.678|
A<16>          |Rout<30>       |   14.042|
A<16>          |Rout<31>       |   15.058|
A<17>          |Rout<0>        |   11.786|
A<17>          |Rout<16>       |    6.924|
A<17>          |Rout<17>       |    9.185|
A<17>          |Rout<18>       |    7.237|
A<17>          |Rout<19>       |    9.188|
A<17>          |Rout<20>       |    8.131|
A<17>          |Rout<21>       |   10.917|
A<17>          |Rout<22>       |    8.920|
A<17>          |Rout<23>       |   11.288|
A<17>          |Rout<24>       |   10.914|
A<17>          |Rout<25>       |   12.844|
A<17>          |Rout<26>       |   12.485|
A<17>          |Rout<27>       |   12.794|
A<17>          |Rout<28>       |   12.766|
A<17>          |Rout<29>       |   13.617|
A<17>          |Rout<30>       |   13.981|
A<17>          |Rout<31>       |   14.997|
A<18>          |Rout<0>        |    9.614|
A<18>          |Rout<17>       |    8.012|
A<18>          |Rout<18>       |    5.893|
A<18>          |Rout<19>       |    7.714|
A<18>          |Rout<20>       |    6.439|
A<18>          |Rout<21>       |    9.225|
A<18>          |Rout<22>       |    7.228|
A<18>          |Rout<23>       |    9.596|
A<18>          |Rout<24>       |    9.222|
A<18>          |Rout<25>       |   11.152|
A<18>          |Rout<26>       |   10.793|
A<18>          |Rout<27>       |   11.102|
A<18>          |Rout<28>       |   11.074|
A<18>          |Rout<29>       |   11.925|
A<18>          |Rout<30>       |   12.289|
A<18>          |Rout<31>       |   13.305|
A<19>          |Rout<0>        |   10.979|
A<19>          |Rout<18>       |    6.189|
A<19>          |Rout<19>       |    7.430|
A<19>          |Rout<20>       |    5.671|
A<19>          |Rout<21>       |    8.457|
A<19>          |Rout<22>       |    6.460|
A<19>          |Rout<23>       |    8.828|
A<19>          |Rout<24>       |    8.454|
A<19>          |Rout<25>       |   10.384|
A<19>          |Rout<26>       |   10.025|
A<19>          |Rout<27>       |   10.334|
A<19>          |Rout<28>       |   10.306|
A<19>          |Rout<29>       |   11.157|
A<19>          |Rout<30>       |   11.521|
A<19>          |Rout<31>       |   12.537|
A<20>          |Rout<0>        |    9.551|
A<20>          |Rout<19>       |    7.771|
A<20>          |Rout<20>       |    5.753|
A<20>          |Rout<21>       |    8.142|
A<20>          |Rout<22>       |    6.145|
A<20>          |Rout<23>       |    8.513|
A<20>          |Rout<24>       |    8.139|
A<20>          |Rout<25>       |   10.069|
A<20>          |Rout<26>       |    9.710|
A<20>          |Rout<27>       |   10.019|
A<20>          |Rout<28>       |    9.991|
A<20>          |Rout<29>       |   10.842|
A<20>          |Rout<30>       |   11.206|
A<20>          |Rout<31>       |   12.222|
A<21>          |Rout<0>        |   10.839|
A<21>          |Rout<20>       |    5.683|
A<21>          |Rout<21>       |    7.908|
A<21>          |Rout<22>       |    5.678|
A<21>          |Rout<23>       |    8.046|
A<21>          |Rout<24>       |    7.672|
A<21>          |Rout<25>       |    9.602|
A<21>          |Rout<26>       |    9.243|
A<21>          |Rout<27>       |    9.552|
A<21>          |Rout<28>       |    9.524|
A<21>          |Rout<29>       |   10.375|
A<21>          |Rout<30>       |   10.739|
A<21>          |Rout<31>       |   11.755|
A<22>          |Rout<0>        |   10.085|
A<22>          |Rout<21>       |    7.775|
A<22>          |Rout<22>       |    5.070|
A<22>          |Rout<23>       |    6.853|
A<22>          |Rout<24>       |    6.392|
A<22>          |Rout<25>       |    8.322|
A<22>          |Rout<26>       |    7.963|
A<22>          |Rout<27>       |    8.272|
A<22>          |Rout<28>       |    8.244|
A<22>          |Rout<29>       |    9.095|
A<22>          |Rout<30>       |    9.459|
A<22>          |Rout<31>       |   10.475|
A<23>          |Rout<0>        |    9.499|
A<23>          |Rout<22>       |    5.634|
A<23>          |Rout<23>       |    6.501|
A<23>          |Rout<24>       |    6.234|
A<23>          |Rout<25>       |    8.164|
A<23>          |Rout<26>       |    7.805|
A<23>          |Rout<27>       |    8.114|
A<23>          |Rout<28>       |    8.086|
A<23>          |Rout<29>       |    8.937|
A<23>          |Rout<30>       |    9.301|
A<23>          |Rout<31>       |   10.317|
A<24>          |Rout<0>        |   10.194|
A<24>          |Rout<23>       |    6.669|
A<24>          |Rout<24>       |    5.512|
A<24>          |Rout<25>       |    6.941|
A<24>          |Rout<26>       |    6.582|
A<24>          |Rout<27>       |    6.891|
A<24>          |Rout<28>       |    6.863|
A<24>          |Rout<29>       |    7.714|
A<24>          |Rout<30>       |    8.078|
A<24>          |Rout<31>       |    9.094|
A<25>          |Rout<0>        |    9.992|
A<25>          |Rout<24>       |    5.702|
A<25>          |Rout<25>       |    6.852|
A<25>          |Rout<26>       |    7.063|
A<25>          |Rout<27>       |    7.372|
A<25>          |Rout<28>       |    7.344|
A<25>          |Rout<29>       |    8.195|
A<25>          |Rout<30>       |    8.559|
A<25>          |Rout<31>       |    9.575|
A<26>          |Rout<0>        |   10.511|
A<26>          |Rout<25>       |    8.097|
A<26>          |Rout<26>       |    5.877|
A<26>          |Rout<27>       |    6.569|
A<26>          |Rout<28>       |    6.517|
A<26>          |Rout<29>       |    7.368|
A<26>          |Rout<30>       |    7.732|
A<26>          |Rout<31>       |    8.748|
A<27>          |Rout<0>        |   11.111|
A<27>          |Rout<26>       |    6.370|
A<27>          |Rout<27>       |    5.845|
A<27>          |Rout<28>       |    6.283|
A<27>          |Rout<29>       |    7.134|
A<27>          |Rout<30>       |    7.498|
A<27>          |Rout<31>       |    8.514|
A<28>          |Rout<0>        |   10.708|
A<28>          |Rout<27>       |    6.389|
A<28>          |Rout<28>       |    6.609|
A<28>          |Rout<29>       |    5.957|
A<28>          |Rout<30>       |    6.321|
A<28>          |Rout<31>       |    7.337|
A<29>          |Rout<0>        |   10.127|
A<29>          |Rout<28>       |    6.182|
A<29>          |Rout<29>       |    5.609|
A<29>          |Rout<30>       |    6.357|
A<29>          |Rout<31>       |    6.510|
A<30>          |Rout<0>        |   11.334|
A<30>          |Rout<29>       |    6.610|
A<30>          |Rout<30>       |    6.725|
A<30>          |Rout<31>       |    6.573|
A<31>          |Rout<0>        |   10.662|
A<31>          |Rout<30>       |    7.326|
A<31>          |Rout<31>       |    5.416|
B<0>           |Rout<0>        |   11.530|
B<0>           |Rout<1>        |    6.775|
B<0>           |Rout<2>        |    5.840|
B<0>           |Rout<3>        |    7.635|
B<0>           |Rout<4>        |    8.893|
B<0>           |Rout<5>        |    9.068|
B<0>           |Rout<6>        |    9.988|
B<0>           |Rout<7>        |   10.418|
B<0>           |Rout<8>        |    9.620|
B<0>           |Rout<9>        |   11.183|
B<0>           |Rout<10>       |   11.031|
B<0>           |Rout<11>       |   12.577|
B<0>           |Rout<12>       |   12.978|
B<0>           |Rout<13>       |   14.157|
B<0>           |Rout<14>       |   13.894|
B<0>           |Rout<15>       |   14.983|
B<0>           |Rout<16>       |   14.774|
B<0>           |Rout<17>       |   17.414|
B<0>           |Rout<18>       |   15.959|
B<0>           |Rout<19>       |   17.910|
B<0>           |Rout<20>       |   16.853|
B<0>           |Rout<21>       |   19.639|
B<0>           |Rout<22>       |   17.642|
B<0>           |Rout<23>       |   20.010|
B<0>           |Rout<24>       |   19.636|
B<0>           |Rout<25>       |   21.566|
B<0>           |Rout<26>       |   21.207|
B<0>           |Rout<27>       |   21.516|
B<0>           |Rout<28>       |   21.488|
B<0>           |Rout<29>       |   22.339|
B<0>           |Rout<30>       |   22.703|
B<0>           |Rout<31>       |   23.719|
B<1>           |Rout<1>        |    6.866|
B<1>           |Rout<2>        |    5.542|
B<1>           |Rout<3>        |    7.337|
B<1>           |Rout<4>        |    8.595|
B<1>           |Rout<5>        |    8.770|
B<1>           |Rout<6>        |    9.690|
B<1>           |Rout<7>        |   10.120|
B<1>           |Rout<8>        |    9.322|
B<1>           |Rout<9>        |   10.885|
B<1>           |Rout<10>       |   10.733|
B<1>           |Rout<11>       |   12.279|
B<1>           |Rout<12>       |   12.680|
B<1>           |Rout<13>       |   13.859|
B<1>           |Rout<14>       |   13.596|
B<1>           |Rout<15>       |   14.685|
B<1>           |Rout<16>       |   14.476|
B<1>           |Rout<17>       |   17.116|
B<1>           |Rout<18>       |   15.661|
B<1>           |Rout<19>       |   17.612|
B<1>           |Rout<20>       |   16.555|
B<1>           |Rout<21>       |   19.341|
B<1>           |Rout<22>       |   17.344|
B<1>           |Rout<23>       |   19.712|
B<1>           |Rout<24>       |   19.338|
B<1>           |Rout<25>       |   21.268|
B<1>           |Rout<26>       |   20.909|
B<1>           |Rout<27>       |   21.218|
B<1>           |Rout<28>       |   21.190|
B<1>           |Rout<29>       |   22.041|
B<1>           |Rout<30>       |   22.405|
B<1>           |Rout<31>       |   23.421|
B<2>           |Rout<0>        |   11.921|
B<2>           |Rout<2>        |    6.287|
B<2>           |Rout<3>        |    7.339|
B<2>           |Rout<4>        |    8.597|
B<2>           |Rout<5>        |    8.772|
B<2>           |Rout<6>        |    9.692|
B<2>           |Rout<7>        |   10.122|
B<2>           |Rout<8>        |    9.324|
B<2>           |Rout<9>        |   10.887|
B<2>           |Rout<10>       |   10.735|
B<2>           |Rout<11>       |   12.281|
B<2>           |Rout<12>       |   12.682|
B<2>           |Rout<13>       |   13.861|
B<2>           |Rout<14>       |   13.598|
B<2>           |Rout<15>       |   14.687|
B<2>           |Rout<16>       |   14.478|
B<2>           |Rout<17>       |   17.118|
B<2>           |Rout<18>       |   15.663|
B<2>           |Rout<19>       |   17.614|
B<2>           |Rout<20>       |   16.557|
B<2>           |Rout<21>       |   19.343|
B<2>           |Rout<22>       |   17.346|
B<2>           |Rout<23>       |   19.714|
B<2>           |Rout<24>       |   19.340|
B<2>           |Rout<25>       |   21.270|
B<2>           |Rout<26>       |   20.911|
B<2>           |Rout<27>       |   21.220|
B<2>           |Rout<28>       |   21.192|
B<2>           |Rout<29>       |   22.043|
B<2>           |Rout<30>       |   22.407|
B<2>           |Rout<31>       |   23.423|
B<3>           |Rout<0>        |   11.241|
B<3>           |Rout<3>        |    6.454|
B<3>           |Rout<4>        |    7.916|
B<3>           |Rout<5>        |    8.091|
B<3>           |Rout<6>        |    9.011|
B<3>           |Rout<7>        |    9.441|
B<3>           |Rout<8>        |    8.643|
B<3>           |Rout<9>        |   10.206|
B<3>           |Rout<10>       |   10.054|
B<3>           |Rout<11>       |   11.600|
B<3>           |Rout<12>       |   12.001|
B<3>           |Rout<13>       |   13.180|
B<3>           |Rout<14>       |   12.917|
B<3>           |Rout<15>       |   14.006|
B<3>           |Rout<16>       |   13.797|
B<3>           |Rout<17>       |   16.437|
B<3>           |Rout<18>       |   14.982|
B<3>           |Rout<19>       |   16.933|
B<3>           |Rout<20>       |   15.876|
B<3>           |Rout<21>       |   18.662|
B<3>           |Rout<22>       |   16.665|
B<3>           |Rout<23>       |   19.033|
B<3>           |Rout<24>       |   18.659|
B<3>           |Rout<25>       |   20.589|
B<3>           |Rout<26>       |   20.230|
B<3>           |Rout<27>       |   20.539|
B<3>           |Rout<28>       |   20.511|
B<3>           |Rout<29>       |   21.362|
B<3>           |Rout<30>       |   21.726|
B<3>           |Rout<31>       |   22.742|
B<4>           |Rout<0>        |   10.864|
B<4>           |Rout<4>        |    6.842|
B<4>           |Rout<5>        |    6.773|
B<4>           |Rout<6>        |    7.693|
B<4>           |Rout<7>        |    8.123|
B<4>           |Rout<8>        |    7.325|
B<4>           |Rout<9>        |    8.888|
B<4>           |Rout<10>       |    8.736|
B<4>           |Rout<11>       |   10.282|
B<4>           |Rout<12>       |   10.683|
B<4>           |Rout<13>       |   11.862|
B<4>           |Rout<14>       |   11.599|
B<4>           |Rout<15>       |   12.688|
B<4>           |Rout<16>       |   12.479|
B<4>           |Rout<17>       |   15.119|
B<4>           |Rout<18>       |   13.664|
B<4>           |Rout<19>       |   15.615|
B<4>           |Rout<20>       |   14.558|
B<4>           |Rout<21>       |   17.344|
B<4>           |Rout<22>       |   15.347|
B<4>           |Rout<23>       |   17.715|
B<4>           |Rout<24>       |   17.341|
B<4>           |Rout<25>       |   19.271|
B<4>           |Rout<26>       |   18.912|
B<4>           |Rout<27>       |   19.221|
B<4>           |Rout<28>       |   19.193|
B<4>           |Rout<29>       |   20.044|
B<4>           |Rout<30>       |   20.408|
B<4>           |Rout<31>       |   21.424|
B<5>           |Rout<0>        |   12.001|
B<5>           |Rout<5>        |    6.640|
B<5>           |Rout<6>        |    7.144|
B<5>           |Rout<7>        |    7.574|
B<5>           |Rout<8>        |    6.776|
B<5>           |Rout<9>        |    8.339|
B<5>           |Rout<10>       |    8.187|
B<5>           |Rout<11>       |    9.733|
B<5>           |Rout<12>       |   10.134|
B<5>           |Rout<13>       |   11.313|
B<5>           |Rout<14>       |   11.050|
B<5>           |Rout<15>       |   12.139|
B<5>           |Rout<16>       |   11.930|
B<5>           |Rout<17>       |   14.570|
B<5>           |Rout<18>       |   13.115|
B<5>           |Rout<19>       |   15.066|
B<5>           |Rout<20>       |   14.009|
B<5>           |Rout<21>       |   16.795|
B<5>           |Rout<22>       |   14.798|
B<5>           |Rout<23>       |   17.166|
B<5>           |Rout<24>       |   16.792|
B<5>           |Rout<25>       |   18.722|
B<5>           |Rout<26>       |   18.363|
B<5>           |Rout<27>       |   18.672|
B<5>           |Rout<28>       |   18.644|
B<5>           |Rout<29>       |   19.495|
B<5>           |Rout<30>       |   19.859|
B<5>           |Rout<31>       |   20.875|
B<6>           |Rout<0>        |   11.401|
B<6>           |Rout<6>        |    6.208|
B<6>           |Rout<7>        |    7.199|
B<6>           |Rout<8>        |    6.401|
B<6>           |Rout<9>        |    7.964|
B<6>           |Rout<10>       |    7.812|
B<6>           |Rout<11>       |    9.358|
B<6>           |Rout<12>       |    9.759|
B<6>           |Rout<13>       |   10.938|
B<6>           |Rout<14>       |   10.675|
B<6>           |Rout<15>       |   11.764|
B<6>           |Rout<16>       |   11.555|
B<6>           |Rout<17>       |   14.195|
B<6>           |Rout<18>       |   12.740|
B<6>           |Rout<19>       |   14.691|
B<6>           |Rout<20>       |   13.634|
B<6>           |Rout<21>       |   16.420|
B<6>           |Rout<22>       |   14.423|
B<6>           |Rout<23>       |   16.791|
B<6>           |Rout<24>       |   16.417|
B<6>           |Rout<25>       |   18.347|
B<6>           |Rout<26>       |   17.988|
B<6>           |Rout<27>       |   18.297|
B<6>           |Rout<28>       |   18.269|
B<6>           |Rout<29>       |   19.120|
B<6>           |Rout<30>       |   19.484|
B<6>           |Rout<31>       |   20.500|
B<7>           |Rout<0>        |   10.685|
B<7>           |Rout<7>        |    6.429|
B<7>           |Rout<8>        |    5.416|
B<7>           |Rout<9>        |    6.979|
B<7>           |Rout<10>       |    6.827|
B<7>           |Rout<11>       |    8.373|
B<7>           |Rout<12>       |    8.774|
B<7>           |Rout<13>       |    9.953|
B<7>           |Rout<14>       |    9.690|
B<7>           |Rout<15>       |   10.779|
B<7>           |Rout<16>       |   10.570|
B<7>           |Rout<17>       |   13.210|
B<7>           |Rout<18>       |   11.755|
B<7>           |Rout<19>       |   13.706|
B<7>           |Rout<20>       |   12.649|
B<7>           |Rout<21>       |   15.435|
B<7>           |Rout<22>       |   13.438|
B<7>           |Rout<23>       |   15.806|
B<7>           |Rout<24>       |   15.432|
B<7>           |Rout<25>       |   17.362|
B<7>           |Rout<26>       |   17.003|
B<7>           |Rout<27>       |   17.312|
B<7>           |Rout<28>       |   17.284|
B<7>           |Rout<29>       |   18.135|
B<7>           |Rout<30>       |   18.499|
B<7>           |Rout<31>       |   19.515|
B<8>           |Rout<0>        |   11.191|
B<8>           |Rout<8>        |    5.149|
B<8>           |Rout<9>        |    6.276|
B<8>           |Rout<10>       |    6.124|
B<8>           |Rout<11>       |    7.670|
B<8>           |Rout<12>       |    8.071|
B<8>           |Rout<13>       |    9.250|
B<8>           |Rout<14>       |    8.987|
B<8>           |Rout<15>       |   10.076|
B<8>           |Rout<16>       |    9.867|
B<8>           |Rout<17>       |   12.507|
B<8>           |Rout<18>       |   11.052|
B<8>           |Rout<19>       |   13.003|
B<8>           |Rout<20>       |   11.946|
B<8>           |Rout<21>       |   14.732|
B<8>           |Rout<22>       |   12.735|
B<8>           |Rout<23>       |   15.103|
B<8>           |Rout<24>       |   14.729|
B<8>           |Rout<25>       |   16.659|
B<8>           |Rout<26>       |   16.300|
B<8>           |Rout<27>       |   16.609|
B<8>           |Rout<28>       |   16.581|
B<8>           |Rout<29>       |   17.432|
B<8>           |Rout<30>       |   17.796|
B<8>           |Rout<31>       |   18.812|
B<9>           |Rout<0>        |   11.978|
B<9>           |Rout<9>        |    6.937|
B<9>           |Rout<10>       |    6.757|
B<9>           |Rout<11>       |    8.303|
B<9>           |Rout<12>       |    8.704|
B<9>           |Rout<13>       |    9.883|
B<9>           |Rout<14>       |    9.620|
B<9>           |Rout<15>       |   10.709|
B<9>           |Rout<16>       |   10.500|
B<9>           |Rout<17>       |   13.140|
B<9>           |Rout<18>       |   11.685|
B<9>           |Rout<19>       |   13.636|
B<9>           |Rout<20>       |   12.579|
B<9>           |Rout<21>       |   15.365|
B<9>           |Rout<22>       |   13.368|
B<9>           |Rout<23>       |   15.736|
B<9>           |Rout<24>       |   15.362|
B<9>           |Rout<25>       |   17.292|
B<9>           |Rout<26>       |   16.933|
B<9>           |Rout<27>       |   17.242|
B<9>           |Rout<28>       |   17.214|
B<9>           |Rout<29>       |   18.065|
B<9>           |Rout<30>       |   18.429|
B<9>           |Rout<31>       |   19.445|
B<10>          |Rout<0>        |   10.460|
B<10>          |Rout<10>       |    5.558|
B<10>          |Rout<11>       |    6.937|
B<10>          |Rout<12>       |    7.338|
B<10>          |Rout<13>       |    8.517|
B<10>          |Rout<14>       |    8.254|
B<10>          |Rout<15>       |    9.343|
B<10>          |Rout<16>       |    9.134|
B<10>          |Rout<17>       |   11.774|
B<10>          |Rout<18>       |   10.319|
B<10>          |Rout<19>       |   12.270|
B<10>          |Rout<20>       |   11.213|
B<10>          |Rout<21>       |   13.999|
B<10>          |Rout<22>       |   12.002|
B<10>          |Rout<23>       |   14.370|
B<10>          |Rout<24>       |   13.996|
B<10>          |Rout<25>       |   15.926|
B<10>          |Rout<26>       |   15.567|
B<10>          |Rout<27>       |   15.876|
B<10>          |Rout<28>       |   15.848|
B<10>          |Rout<29>       |   16.699|
B<10>          |Rout<30>       |   17.063|
B<10>          |Rout<31>       |   18.079|
B<11>          |Rout<0>        |   10.687|
B<11>          |Rout<11>       |    6.265|
B<11>          |Rout<12>       |    6.358|
B<11>          |Rout<13>       |    7.537|
B<11>          |Rout<14>       |    7.274|
B<11>          |Rout<15>       |    8.363|
B<11>          |Rout<16>       |    8.154|
B<11>          |Rout<17>       |   10.794|
B<11>          |Rout<18>       |    9.339|
B<11>          |Rout<19>       |   11.290|
B<11>          |Rout<20>       |   10.233|
B<11>          |Rout<21>       |   13.019|
B<11>          |Rout<22>       |   11.022|
B<11>          |Rout<23>       |   13.390|
B<11>          |Rout<24>       |   13.016|
B<11>          |Rout<25>       |   14.946|
B<11>          |Rout<26>       |   14.587|
B<11>          |Rout<27>       |   14.896|
B<11>          |Rout<28>       |   14.868|
B<11>          |Rout<29>       |   15.719|
B<11>          |Rout<30>       |   16.083|
B<11>          |Rout<31>       |   17.099|
B<12>          |Rout<0>        |   11.429|
B<12>          |Rout<12>       |    6.090|
B<12>          |Rout<13>       |    6.917|
B<12>          |Rout<14>       |    6.654|
B<12>          |Rout<15>       |    7.743|
B<12>          |Rout<16>       |    7.534|
B<12>          |Rout<17>       |   10.174|
B<12>          |Rout<18>       |    8.719|
B<12>          |Rout<19>       |   10.670|
B<12>          |Rout<20>       |    9.613|
B<12>          |Rout<21>       |   12.399|
B<12>          |Rout<22>       |   10.402|
B<12>          |Rout<23>       |   12.770|
B<12>          |Rout<24>       |   12.396|
B<12>          |Rout<25>       |   14.326|
B<12>          |Rout<26>       |   13.967|
B<12>          |Rout<27>       |   14.276|
B<12>          |Rout<28>       |   14.248|
B<12>          |Rout<29>       |   15.099|
B<12>          |Rout<30>       |   15.463|
B<12>          |Rout<31>       |   16.479|
B<13>          |Rout<0>        |   11.063|
B<13>          |Rout<13>       |    5.843|
B<13>          |Rout<14>       |    6.447|
B<13>          |Rout<15>       |    7.536|
B<13>          |Rout<16>       |    7.327|
B<13>          |Rout<17>       |    9.967|
B<13>          |Rout<18>       |    8.512|
B<13>          |Rout<19>       |   10.463|
B<13>          |Rout<20>       |    9.406|
B<13>          |Rout<21>       |   12.192|
B<13>          |Rout<22>       |   10.195|
B<13>          |Rout<23>       |   12.563|
B<13>          |Rout<24>       |   12.189|
B<13>          |Rout<25>       |   14.119|
B<13>          |Rout<26>       |   13.760|
B<13>          |Rout<27>       |   14.069|
B<13>          |Rout<28>       |   14.041|
B<13>          |Rout<29>       |   14.892|
B<13>          |Rout<30>       |   15.256|
B<13>          |Rout<31>       |   16.272|
B<14>          |Rout<0>        |   11.733|
B<14>          |Rout<14>       |    5.899|
B<14>          |Rout<15>       |    7.084|
B<14>          |Rout<16>       |    6.875|
B<14>          |Rout<17>       |    9.515|
B<14>          |Rout<18>       |    8.060|
B<14>          |Rout<19>       |   10.011|
B<14>          |Rout<20>       |    8.954|
B<14>          |Rout<21>       |   11.740|
B<14>          |Rout<22>       |    9.743|
B<14>          |Rout<23>       |   12.111|
B<14>          |Rout<24>       |   11.737|
B<14>          |Rout<25>       |   13.667|
B<14>          |Rout<26>       |   13.308|
B<14>          |Rout<27>       |   13.617|
B<14>          |Rout<28>       |   13.589|
B<14>          |Rout<29>       |   14.440|
B<14>          |Rout<30>       |   14.804|
B<14>          |Rout<31>       |   15.820|
B<15>          |Rout<0>        |   10.793|
B<15>          |Rout<15>       |    6.015|
B<15>          |Rout<16>       |    5.853|
B<15>          |Rout<17>       |    8.493|
B<15>          |Rout<18>       |    7.038|
B<15>          |Rout<19>       |    8.989|
B<15>          |Rout<20>       |    7.932|
B<15>          |Rout<21>       |   10.718|
B<15>          |Rout<22>       |    8.721|
B<15>          |Rout<23>       |   11.089|
B<15>          |Rout<24>       |   10.715|
B<15>          |Rout<25>       |   12.645|
B<15>          |Rout<26>       |   12.286|
B<15>          |Rout<27>       |   12.595|
B<15>          |Rout<28>       |   12.567|
B<15>          |Rout<29>       |   13.418|
B<15>          |Rout<30>       |   13.782|
B<15>          |Rout<31>       |   14.798|
B<16>          |Rout<0>        |   10.965|
B<16>          |Rout<16>       |    5.984|
B<16>          |Rout<17>       |    7.531|
B<16>          |Rout<18>       |    6.076|
B<16>          |Rout<19>       |    8.027|
B<16>          |Rout<20>       |    6.970|
B<16>          |Rout<21>       |    9.756|
B<16>          |Rout<22>       |    7.759|
B<16>          |Rout<23>       |   10.127|
B<16>          |Rout<24>       |    9.753|
B<16>          |Rout<25>       |   11.683|
B<16>          |Rout<26>       |   11.324|
B<16>          |Rout<27>       |   11.633|
B<16>          |Rout<28>       |   11.605|
B<16>          |Rout<29>       |   12.456|
B<16>          |Rout<30>       |   12.820|
B<16>          |Rout<31>       |   13.836|
B<17>          |Rout<0>        |   10.385|
B<17>          |Rout<17>       |    7.790|
B<17>          |Rout<18>       |    6.035|
B<17>          |Rout<19>       |    7.986|
B<17>          |Rout<20>       |    6.929|
B<17>          |Rout<21>       |    9.715|
B<17>          |Rout<22>       |    7.718|
B<17>          |Rout<23>       |   10.086|
B<17>          |Rout<24>       |    9.712|
B<17>          |Rout<25>       |   11.642|
B<17>          |Rout<26>       |   11.283|
B<17>          |Rout<27>       |   11.592|
B<17>          |Rout<28>       |   11.564|
B<17>          |Rout<29>       |   12.415|
B<17>          |Rout<30>       |   12.779|
B<17>          |Rout<31>       |   13.795|
B<18>          |Rout<0>        |    9.782|
B<18>          |Rout<18>       |    5.934|
B<18>          |Rout<19>       |    7.712|
B<18>          |Rout<20>       |    6.655|
B<18>          |Rout<21>       |    9.441|
B<18>          |Rout<22>       |    7.444|
B<18>          |Rout<23>       |    9.812|
B<18>          |Rout<24>       |    9.438|
B<18>          |Rout<25>       |   11.368|
B<18>          |Rout<26>       |   11.009|
B<18>          |Rout<27>       |   11.318|
B<18>          |Rout<28>       |   11.290|
B<18>          |Rout<29>       |   12.141|
B<18>          |Rout<30>       |   12.505|
B<18>          |Rout<31>       |   13.521|
B<19>          |Rout<0>        |   10.616|
B<19>          |Rout<19>       |    8.014|
B<19>          |Rout<20>       |    5.443|
B<19>          |Rout<21>       |    8.229|
B<19>          |Rout<22>       |    6.232|
B<19>          |Rout<23>       |    8.600|
B<19>          |Rout<24>       |    8.226|
B<19>          |Rout<25>       |   10.156|
B<19>          |Rout<26>       |    9.797|
B<19>          |Rout<27>       |   10.106|
B<19>          |Rout<28>       |   10.078|
B<19>          |Rout<29>       |   10.929|
B<19>          |Rout<30>       |   11.293|
B<19>          |Rout<31>       |   12.309|
B<20>          |Rout<0>        |   10.221|
B<20>          |Rout<20>       |    5.460|
B<20>          |Rout<21>       |    7.428|
B<20>          |Rout<22>       |    5.431|
B<20>          |Rout<23>       |    7.799|
B<20>          |Rout<24>       |    7.425|
B<20>          |Rout<25>       |    9.355|
B<20>          |Rout<26>       |    8.996|
B<20>          |Rout<27>       |    9.305|
B<20>          |Rout<28>       |    9.277|
B<20>          |Rout<29>       |   10.128|
B<20>          |Rout<30>       |   10.492|
B<20>          |Rout<31>       |   11.508|
B<21>          |Rout<0>        |   10.588|
B<21>          |Rout<21>       |    7.734|
B<21>          |Rout<22>       |    5.416|
B<21>          |Rout<23>       |    7.784|
B<21>          |Rout<24>       |    7.410|
B<21>          |Rout<25>       |    9.340|
B<21>          |Rout<26>       |    8.981|
B<21>          |Rout<27>       |    9.290|
B<21>          |Rout<28>       |    9.262|
B<21>          |Rout<29>       |   10.113|
B<21>          |Rout<30>       |   10.477|
B<21>          |Rout<31>       |   11.493|
B<22>          |Rout<0>        |   10.046|
B<22>          |Rout<22>       |    5.034|
B<22>          |Rout<23>       |    6.722|
B<22>          |Rout<24>       |    6.348|
B<22>          |Rout<25>       |    8.278|
B<22>          |Rout<26>       |    7.919|
B<22>          |Rout<27>       |    8.228|
B<22>          |Rout<28>       |    8.200|
B<22>          |Rout<29>       |    9.051|
B<22>          |Rout<30>       |    9.415|
B<22>          |Rout<31>       |   10.431|
B<23>          |Rout<0>        |    9.899|
B<23>          |Rout<23>       |    6.455|
B<23>          |Rout<24>       |    6.189|
B<23>          |Rout<25>       |    8.119|
B<23>          |Rout<26>       |    7.760|
B<23>          |Rout<27>       |    8.069|
B<23>          |Rout<28>       |    8.041|
B<23>          |Rout<29>       |    8.892|
B<23>          |Rout<30>       |    9.256|
B<23>          |Rout<31>       |   10.272|
B<24>          |Rout<0>        |   10.266|
B<24>          |Rout<24>       |    5.582|
B<24>          |Rout<25>       |    6.914|
B<24>          |Rout<26>       |    6.555|
B<24>          |Rout<27>       |    6.864|
B<24>          |Rout<28>       |    6.836|
B<24>          |Rout<29>       |    7.687|
B<24>          |Rout<30>       |    8.051|
B<24>          |Rout<31>       |    9.067|
B<25>          |Rout<0>        |   11.065|
B<25>          |Rout<25>       |    7.936|
B<25>          |Rout<26>       |    6.946|
B<25>          |Rout<27>       |    7.255|
B<25>          |Rout<28>       |    7.227|
B<25>          |Rout<29>       |    8.078|
B<25>          |Rout<30>       |    8.442|
B<25>          |Rout<31>       |    9.458|
B<26>          |Rout<0>        |   10.815|
B<26>          |Rout<26>       |    6.038|
B<26>          |Rout<27>       |    6.679|
B<26>          |Rout<28>       |    6.651|
B<26>          |Rout<29>       |    7.502|
B<26>          |Rout<30>       |    7.866|
B<26>          |Rout<31>       |    8.882|
B<27>          |Rout<0>        |   10.874|
B<27>          |Rout<27>       |    6.470|
B<27>          |Rout<28>       |    6.046|
B<27>          |Rout<29>       |    6.897|
B<27>          |Rout<30>       |    7.261|
B<27>          |Rout<31>       |    8.277|
B<28>          |Rout<0>        |   10.044|
B<28>          |Rout<28>       |    6.323|
B<28>          |Rout<29>       |    5.720|
B<28>          |Rout<30>       |    6.084|
B<28>          |Rout<31>       |    7.100|
B<29>          |Rout<0>        |   10.321|
B<29>          |Rout<29>       |    5.797|
B<29>          |Rout<30>       |    5.658|
B<29>          |Rout<31>       |    6.674|
B<30>          |Rout<0>        |   10.815|
B<30>          |Rout<30>       |    6.647|
B<30>          |Rout<31>       |    6.043|
B<31>          |Rout<0>        |   10.580|
B<31>          |Rout<31>       |    5.515|
OP<0>          |Rout<0>        |   10.994|
OP<0>          |Rout<1>        |   11.029|
OP<0>          |Rout<2>        |   10.094|
OP<0>          |Rout<3>        |   11.889|
OP<0>          |Rout<4>        |   13.147|
OP<0>          |Rout<5>        |   13.322|
OP<0>          |Rout<6>        |   14.242|
OP<0>          |Rout<7>        |   14.672|
OP<0>          |Rout<8>        |   13.874|
OP<0>          |Rout<9>        |   15.437|
OP<0>          |Rout<10>       |   15.285|
OP<0>          |Rout<11>       |   16.831|
OP<0>          |Rout<12>       |   17.232|
OP<0>          |Rout<13>       |   18.411|
OP<0>          |Rout<14>       |   18.148|
OP<0>          |Rout<15>       |   19.237|
OP<0>          |Rout<16>       |   19.028|
OP<0>          |Rout<17>       |   21.668|
OP<0>          |Rout<18>       |   20.213|
OP<0>          |Rout<19>       |   22.164|
OP<0>          |Rout<20>       |   21.107|
OP<0>          |Rout<21>       |   23.893|
OP<0>          |Rout<22>       |   21.896|
OP<0>          |Rout<23>       |   24.264|
OP<0>          |Rout<24>       |   23.890|
OP<0>          |Rout<25>       |   25.820|
OP<0>          |Rout<26>       |   25.461|
OP<0>          |Rout<27>       |   25.770|
OP<0>          |Rout<28>       |   25.742|
OP<0>          |Rout<29>       |   26.593|
OP<0>          |Rout<30>       |   26.957|
OP<0>          |Rout<31>       |   27.973|
OP<1>          |Rout<0>        |    8.991|
OP<1>          |Rout<1>        |    8.712|
OP<1>          |Rout<2>        |    7.619|
OP<1>          |Rout<3>        |    7.837|
OP<1>          |Rout<4>        |    8.480|
OP<1>          |Rout<5>        |    8.042|
OP<1>          |Rout<6>        |    8.917|
OP<1>          |Rout<7>        |    7.157|
OP<1>          |Rout<8>        |    7.437|
OP<1>          |Rout<9>        |    8.127|
OP<1>          |Rout<10>       |    7.329|
OP<1>          |Rout<11>       |    8.102|
OP<1>          |Rout<12>       |    8.693|
OP<1>          |Rout<13>       |    8.012|
OP<1>          |Rout<14>       |    6.666|
OP<1>          |Rout<15>       |    6.312|
OP<1>          |Rout<16>       |    6.927|
OP<1>          |Rout<17>       |    8.581|
OP<1>          |Rout<18>       |    6.236|
OP<1>          |Rout<19>       |    8.276|
OP<1>          |Rout<20>       |    6.945|
OP<1>          |Rout<21>       |    8.809|
OP<1>          |Rout<22>       |    6.685|
OP<1>          |Rout<23>       |    7.000|
OP<1>          |Rout<24>       |    6.813|
OP<1>          |Rout<25>       |    7.769|
OP<1>          |Rout<26>       |    6.115|
OP<1>          |Rout<27>       |    6.213|
OP<1>          |Rout<28>       |    6.760|
OP<1>          |Rout<29>       |    5.685|
OP<1>          |Rout<30>       |    6.283|
OP<1>          |Rout<31>       |    5.386|
OP<2>          |Rout<0>        |    7.424|
OP<2>          |Rout<1>        |    7.178|
OP<2>          |Rout<2>        |    6.038|
OP<2>          |Rout<3>        |    5.791|
OP<2>          |Rout<4>        |    6.474|
OP<2>          |Rout<5>        |    6.119|
OP<2>          |Rout<6>        |    6.882|
OP<2>          |Rout<7>        |    5.449|
OP<2>          |Rout<8>        |    5.198|
OP<2>          |Rout<9>        |    7.138|
OP<2>          |Rout<10>       |    5.780|
OP<2>          |Rout<11>       |    6.990|
OP<2>          |Rout<12>       |    6.840|
OP<2>          |Rout<13>       |    5.872|
OP<2>          |Rout<14>       |    4.928|
OP<2>          |Rout<15>       |    4.500|
OP<2>          |Rout<16>       |    4.982|
OP<2>          |Rout<17>       |    6.640|
OP<2>          |Rout<18>       |    5.051|
OP<2>          |Rout<19>       |    6.216|
OP<2>          |Rout<20>       |    4.659|
OP<2>          |Rout<21>       |    6.831|
OP<2>          |Rout<22>       |    5.273|
OP<2>          |Rout<23>       |    5.251|
OP<2>          |Rout<24>       |    5.651|
OP<2>          |Rout<25>       |    5.007|
OP<2>          |Rout<26>       |    5.563|
OP<2>          |Rout<27>       |    5.060|
OP<2>          |Rout<28>       |    5.720|
OP<2>          |Rout<29>       |    5.726|
OP<2>          |Rout<30>       |    5.426|
OP<2>          |Rout<31>       |    5.626|
---------------+---------------+---------+


Analysis completed Sat Jan 24 16:59:52 2026 
--------------------------------------------------------------------------------

Trace Settings:
-------------------------
Trace Settings 

Peak Memory Usage: 146 MB



