--------------------------------------------------------------------------------
Release 10.1 Trace  (nt)
Copyright (c) 1995-2008 Xilinx, Inc.  All rights reserved.

C:\Xilinx\10.1\ISE\bin\nt\unwrapped\trce.exe -ise
C:/Documents and Settings/student/Desktop/Lab2_zixuang/Lab2_zixuang.ise
-intstyle ise -e 3 -s 6 -xml Alu32 Alu32.ncd -o Alu32.twr Alu32.pcf

Design file:              Alu32.ncd
Physical constraint file: Alu32.pcf
Device,package,speed:     xc2vp30,ff896,-6 (PRODUCTION 1.94 2008-01-09)
Report level:             error report

Environment Variable      Effect 
--------------------      ------ 
NONE                      No environment variables were set
--------------------------------------------------------------------------------

INFO:Timing:2698 - No timing constraints found, doing default enumeration.
INFO:Timing:2752 - To get complete path coverage, use the unconstrained paths 
   option. All paths that are not constrained will be reported in the 
   unconstrained paths section(s) of the report.
INFO:Timing:3339 - The clock-to-out numbers in this timing report are based on 
   a 50 Ohm transmission line loading model.  For the details of this model, 
   and for more information on accounting for different loading conditions, 
   please see the device datasheet.



Data Sheet report:
-----------------
All values displayed in nanoseconds (ns)

Pad to Pad
---------------+---------------+---------+
Source Pad     |Destination Pad|  Delay  |
---------------+---------------+---------+
a<0>           |x<0>           |   10.815|
a<0>           |x<1>           |   10.218|
a<0>           |x<2>           |   10.373|
a<0>           |x<3>           |   10.941|
a<0>           |x<4>           |   10.483|
a<0>           |x<5>           |   10.755|
a<0>           |x<6>           |   10.605|
a<0>           |x<7>           |   10.842|
a<0>           |x<8>           |   11.005|
a<0>           |x<9>           |   10.763|
a<0>           |x<10>          |    9.815|
a<0>           |x<11>          |   10.740|
a<0>           |x<12>          |   10.955|
a<0>           |x<13>          |   10.887|
a<0>           |x<14>          |   10.710|
a<0>           |x<15>          |    9.763|
a<0>           |x<16>          |   10.764|
a<0>           |x<17>          |   10.638|
a<0>           |x<18>          |   10.066|
a<0>           |x<19>          |   10.708|
a<0>           |x<20>          |   10.412|
a<0>           |x<21>          |   10.249|
a<0>           |x<22>          |    9.489|
a<0>           |x<23>          |    9.645|
a<0>           |x<24>          |    9.823|
a<0>           |x<25>          |    9.768|
a<0>           |x<26>          |    9.757|
a<0>           |x<27>          |   10.321|
a<0>           |x<28>          |   10.740|
a<0>           |x<29>          |    9.368|
a<0>           |x<30>          |   10.078|
a<0>           |x<31>          |    9.684|
a<1>           |x<0>           |   11.374|
a<1>           |x<1>           |    9.972|
a<1>           |x<2>           |   10.297|
a<1>           |x<3>           |   10.865|
a<1>           |x<4>           |   10.407|
a<1>           |x<5>           |   10.679|
a<1>           |x<6>           |   10.529|
a<1>           |x<7>           |   10.766|
a<1>           |x<8>           |   10.929|
a<1>           |x<9>           |   10.687|
a<1>           |x<10>          |    9.739|
a<1>           |x<11>          |   10.664|
a<1>           |x<12>          |   10.879|
a<1>           |x<13>          |   10.811|
a<1>           |x<14>          |   10.634|
a<1>           |x<15>          |    9.687|
a<1>           |x<16>          |   10.688|
a<1>           |x<17>          |   10.562|
a<1>           |x<18>          |    9.990|
a<1>           |x<19>          |   10.632|
a<1>           |x<20>          |   10.336|
a<1>           |x<21>          |   10.173|
a<1>           |x<22>          |    9.413|
a<1>           |x<23>          |    9.569|
a<1>           |x<24>          |    9.747|
a<1>           |x<25>          |    9.692|
a<1>           |x<26>          |    9.681|
a<1>           |x<27>          |   10.245|
a<1>           |x<28>          |   10.664|
a<1>           |x<29>          |    9.292|
a<1>           |x<30>          |   10.002|
a<1>           |x<31>          |    9.608|
a<2>           |x<0>           |   11.378|
a<2>           |x<1>           |    6.448|
a<2>           |x<2>           |    9.859|
a<2>           |x<3>           |   10.706|
a<2>           |x<4>           |   10.683|
a<2>           |x<5>           |   10.955|
a<2>           |x<6>           |   10.805|
a<2>           |x<7>           |   11.042|
a<2>           |x<8>           |   11.205|
a<2>           |x<9>           |   10.963|
a<2>           |x<10>          |   10.015|
a<2>           |x<11>          |   10.940|
a<2>           |x<12>          |   11.155|
a<2>           |x<13>          |   11.087|
a<2>           |x<14>          |   10.910|
a<2>           |x<15>          |    9.963|
a<2>           |x<16>          |   10.964|
a<2>           |x<17>          |   10.838|
a<2>           |x<18>          |   10.266|
a<2>           |x<19>          |   10.908|
a<2>           |x<20>          |   10.612|
a<2>           |x<21>          |   10.449|
a<2>           |x<22>          |    9.689|
a<2>           |x<23>          |    9.845|
a<2>           |x<24>          |   10.023|
a<2>           |x<25>          |    9.968|
a<2>           |x<26>          |    9.957|
a<2>           |x<27>          |   10.521|
a<2>           |x<28>          |   10.940|
a<2>           |x<29>          |    9.568|
a<2>           |x<30>          |   10.278|
a<2>           |x<31>          |    9.884|
a<3>           |x<0>           |   11.864|
a<3>           |x<2>           |    6.330|
a<3>           |x<3>           |   10.621|
a<3>           |x<4>           |   10.768|
a<3>           |x<5>           |   11.040|
a<3>           |x<6>           |   10.890|
a<3>           |x<7>           |   11.127|
a<3>           |x<8>           |   11.290|
a<3>           |x<9>           |   11.048|
a<3>           |x<10>          |   10.100|
a<3>           |x<11>          |   11.025|
a<3>           |x<12>          |   11.240|
a<3>           |x<13>          |   11.172|
a<3>           |x<14>          |   10.995|
a<3>           |x<15>          |   10.048|
a<3>           |x<16>          |   11.049|
a<3>           |x<17>          |   10.923|
a<3>           |x<18>          |   10.351|
a<3>           |x<19>          |   10.993|
a<3>           |x<20>          |   10.697|
a<3>           |x<21>          |   10.534|
a<3>           |x<22>          |    9.774|
a<3>           |x<23>          |    9.930|
a<3>           |x<24>          |   10.108|
a<3>           |x<25>          |   10.053|
a<3>           |x<26>          |   10.042|
a<3>           |x<27>          |   10.606|
a<3>           |x<28>          |   11.025|
a<3>           |x<29>          |    9.653|
a<3>           |x<30>          |   10.363|
a<3>           |x<31>          |    9.969|
a<4>           |x<0>           |   11.490|
a<4>           |x<3>           |    6.694|
a<4>           |x<4>           |    9.190|
a<4>           |x<5>           |    9.741|
a<4>           |x<6>           |   10.026|
a<4>           |x<7>           |   10.263|
a<4>           |x<8>           |   10.426|
a<4>           |x<9>           |   10.184|
a<4>           |x<10>          |    9.236|
a<4>           |x<11>          |   10.161|
a<4>           |x<12>          |   10.376|
a<4>           |x<13>          |   10.308|
a<4>           |x<14>          |   10.131|
a<4>           |x<15>          |    9.184|
a<4>           |x<16>          |   10.185|
a<4>           |x<17>          |   10.059|
a<4>           |x<18>          |    9.487|
a<4>           |x<19>          |   10.129|
a<4>           |x<20>          |    9.833|
a<4>           |x<21>          |    9.670|
a<4>           |x<22>          |    8.910|
a<4>           |x<23>          |    9.066|
a<4>           |x<24>          |    9.244|
a<4>           |x<25>          |    9.189|
a<4>           |x<26>          |    9.178|
a<4>           |x<27>          |    9.742|
a<4>           |x<28>          |   10.161|
a<4>           |x<29>          |    8.789|
a<4>           |x<30>          |    9.499|
a<4>           |x<31>          |    9.105|
a<5>           |x<0>           |   11.487|
a<5>           |x<4>           |    6.348|
a<5>           |x<5>           |   10.076|
a<5>           |x<6>           |   10.531|
a<5>           |x<7>           |   10.768|
a<5>           |x<8>           |   10.931|
a<5>           |x<9>           |   10.689|
a<5>           |x<10>          |    9.741|
a<5>           |x<11>          |   10.666|
a<5>           |x<12>          |   10.881|
a<5>           |x<13>          |   10.813|
a<5>           |x<14>          |   10.636|
a<5>           |x<15>          |    9.689|
a<5>           |x<16>          |   10.690|
a<5>           |x<17>          |   10.564|
a<5>           |x<18>          |    9.992|
a<5>           |x<19>          |   10.634|
a<5>           |x<20>          |   10.338|
a<5>           |x<21>          |   10.175|
a<5>           |x<22>          |    9.415|
a<5>           |x<23>          |    9.571|
a<5>           |x<24>          |    9.749|
a<5>           |x<25>          |    9.694|
a<5>           |x<26>          |    9.683|
a<5>           |x<27>          |   10.247|
a<5>           |x<28>          |   10.666|
a<5>           |x<29>          |    9.294|
a<5>           |x<30>          |   10.004|
a<5>           |x<31>          |    9.610|
a<6>           |x<0>           |   11.661|
a<6>           |x<5>           |    6.842|
a<6>           |x<6>           |   10.102|
a<6>           |x<7>           |   10.618|
a<6>           |x<8>           |   11.216|
a<6>           |x<9>           |   10.974|
a<6>           |x<10>          |   10.026|
a<6>           |x<11>          |   10.951|
a<6>           |x<12>          |   11.166|
a<6>           |x<13>          |   11.098|
a<6>           |x<14>          |   10.921|
a<6>           |x<15>          |    9.974|
a<6>           |x<16>          |   10.975|
a<6>           |x<17>          |   10.849|
a<6>           |x<18>          |   10.277|
a<6>           |x<19>          |   10.919|
a<6>           |x<20>          |   10.623|
a<6>           |x<21>          |   10.460|
a<6>           |x<22>          |    9.700|
a<6>           |x<23>          |    9.856|
a<6>           |x<24>          |   10.034|
a<6>           |x<25>          |    9.979|
a<6>           |x<26>          |    9.968|
a<6>           |x<27>          |   10.532|
a<6>           |x<28>          |   10.951|
a<6>           |x<29>          |    9.579|
a<6>           |x<30>          |   10.289|
a<6>           |x<31>          |    9.895|
a<7>           |x<0>           |   10.919|
a<7>           |x<6>           |    6.526|
a<7>           |x<7>           |    9.625|
a<7>           |x<8>           |   10.393|
a<7>           |x<9>           |   10.151|
a<7>           |x<10>          |    9.203|
a<7>           |x<11>          |   10.128|
a<7>           |x<12>          |   10.343|
a<7>           |x<13>          |   10.275|
a<7>           |x<14>          |   10.098|
a<7>           |x<15>          |    9.151|
a<7>           |x<16>          |   10.152|
a<7>           |x<17>          |   10.026|
a<7>           |x<18>          |    9.454|
a<7>           |x<19>          |   10.096|
a<7>           |x<20>          |    9.800|
a<7>           |x<21>          |    9.637|
a<7>           |x<22>          |    8.877|
a<7>           |x<23>          |    9.033|
a<7>           |x<24>          |    9.211|
a<7>           |x<25>          |    9.156|
a<7>           |x<26>          |    9.145|
a<7>           |x<27>          |    9.709|
a<7>           |x<28>          |   10.128|
a<7>           |x<29>          |    8.756|
a<7>           |x<30>          |    9.466|
a<7>           |x<31>          |    9.072|
a<8>           |x<0>           |   11.032|
a<8>           |x<7>           |    6.491|
a<8>           |x<8>           |    9.350|
a<8>           |x<9>           |    9.387|
a<8>           |x<10>          |    8.874|
a<8>           |x<11>          |    9.799|
a<8>           |x<12>          |   10.014|
a<8>           |x<13>          |    9.946|
a<8>           |x<14>          |    9.769|
a<8>           |x<15>          |    8.822|
a<8>           |x<16>          |    9.823|
a<8>           |x<17>          |    9.697|
a<8>           |x<18>          |    9.125|
a<8>           |x<19>          |    9.767|
a<8>           |x<20>          |    9.471|
a<8>           |x<21>          |    9.308|
a<8>           |x<22>          |    8.548|
a<8>           |x<23>          |    8.704|
a<8>           |x<24>          |    8.882|
a<8>           |x<25>          |    8.827|
a<8>           |x<26>          |    8.816|
a<8>           |x<27>          |    9.380|
a<8>           |x<28>          |    9.799|
a<8>           |x<29>          |    8.427|
a<8>           |x<30>          |    9.137|
a<8>           |x<31>          |    8.743|
a<9>           |x<0>           |   11.112|
a<9>           |x<8>           |    7.644|
a<9>           |x<9>           |    9.705|
a<9>           |x<10>          |    9.362|
a<9>           |x<11>          |   10.287|
a<9>           |x<12>          |   10.502|
a<9>           |x<13>          |   10.434|
a<9>           |x<14>          |   10.257|
a<9>           |x<15>          |    9.310|
a<9>           |x<16>          |   10.311|
a<9>           |x<17>          |   10.185|
a<9>           |x<18>          |    9.613|
a<9>           |x<19>          |   10.255|
a<9>           |x<20>          |    9.959|
a<9>           |x<21>          |    9.796|
a<9>           |x<22>          |    9.036|
a<9>           |x<23>          |    9.192|
a<9>           |x<24>          |    9.370|
a<9>           |x<25>          |    9.315|
a<9>           |x<26>          |    9.304|
a<9>           |x<27>          |    9.868|
a<9>           |x<28>          |   10.287|
a<9>           |x<29>          |    8.915|
a<9>           |x<30>          |    9.625|
a<9>           |x<31>          |    9.231|
a<10>          |x<0>           |   10.202|
a<10>          |x<9>           |    6.240|
a<10>          |x<10>          |    7.613|
a<10>          |x<11>          |    8.817|
a<10>          |x<12>          |    9.467|
a<10>          |x<13>          |    9.399|
a<10>          |x<14>          |    9.222|
a<10>          |x<15>          |    8.275|
a<10>          |x<16>          |    9.276|
a<10>          |x<17>          |    9.150|
a<10>          |x<18>          |    8.578|
a<10>          |x<19>          |    9.220|
a<10>          |x<20>          |    8.924|
a<10>          |x<21>          |    8.761|
a<10>          |x<22>          |    8.001|
a<10>          |x<23>          |    8.157|
a<10>          |x<24>          |    8.335|
a<10>          |x<25>          |    8.280|
a<10>          |x<26>          |    8.269|
a<10>          |x<27>          |    8.833|
a<10>          |x<28>          |    9.252|
a<10>          |x<29>          |    7.880|
a<10>          |x<30>          |    8.590|
a<10>          |x<31>          |    8.196|
a<11>          |x<0>           |   10.612|
a<11>          |x<10>          |    6.297|
a<11>          |x<11>          |    9.242|
a<11>          |x<12>          |   10.062|
a<11>          |x<13>          |    9.994|
a<11>          |x<14>          |    9.817|
a<11>          |x<15>          |    8.870|
a<11>          |x<16>          |    9.871|
a<11>          |x<17>          |    9.745|
a<11>          |x<18>          |    9.173|
a<11>          |x<19>          |    9.815|
a<11>          |x<20>          |    9.519|
a<11>          |x<21>          |    9.356|
a<11>          |x<22>          |    8.596|
a<11>          |x<23>          |    8.752|
a<11>          |x<24>          |    8.930|
a<11>          |x<25>          |    8.875|
a<11>          |x<26>          |    8.864|
a<11>          |x<27>          |    9.428|
a<11>          |x<28>          |    9.847|
a<11>          |x<29>          |    8.475|
a<11>          |x<30>          |    9.185|
a<11>          |x<31>          |    8.791|
a<12>          |x<0>           |   10.627|
a<12>          |x<11>          |    6.045|
a<12>          |x<12>          |    9.144|
a<12>          |x<13>          |    9.355|
a<12>          |x<14>          |    9.613|
a<12>          |x<15>          |    8.666|
a<12>          |x<16>          |    9.667|
a<12>          |x<17>          |    9.541|
a<12>          |x<18>          |    8.969|
a<12>          |x<19>          |    9.611|
a<12>          |x<20>          |    9.315|
a<12>          |x<21>          |    9.152|
a<12>          |x<22>          |    8.392|
a<12>          |x<23>          |    8.548|
a<12>          |x<24>          |    8.726|
a<12>          |x<25>          |    8.671|
a<12>          |x<26>          |    8.660|
a<12>          |x<27>          |    9.224|
a<12>          |x<28>          |    9.643|
a<12>          |x<29>          |    8.271|
a<12>          |x<30>          |    8.981|
a<12>          |x<31>          |    8.587|
a<13>          |x<0>           |   10.941|
a<13>          |x<12>          |    6.871|
a<13>          |x<13>          |    9.728|
a<13>          |x<14>          |   10.156|
a<13>          |x<15>          |    9.209|
a<13>          |x<16>          |   10.210|
a<13>          |x<17>          |   10.084|
a<13>          |x<18>          |    9.512|
a<13>          |x<19>          |   10.154|
a<13>          |x<20>          |    9.858|
a<13>          |x<21>          |    9.695|
a<13>          |x<22>          |    8.935|
a<13>          |x<23>          |    9.091|
a<13>          |x<24>          |    9.269|
a<13>          |x<25>          |    9.214|
a<13>          |x<26>          |    9.203|
a<13>          |x<27>          |    9.767|
a<13>          |x<28>          |   10.186|
a<13>          |x<29>          |    8.814|
a<13>          |x<30>          |    9.524|
a<13>          |x<31>          |    9.130|
a<14>          |x<0>           |   10.834|
a<14>          |x<13>          |    6.742|
a<14>          |x<14>          |    9.076|
a<14>          |x<15>          |    8.408|
a<14>          |x<16>          |    9.844|
a<14>          |x<17>          |    9.718|
a<14>          |x<18>          |    9.146|
a<14>          |x<19>          |    9.788|
a<14>          |x<20>          |    9.492|
a<14>          |x<21>          |    9.329|
a<14>          |x<22>          |    8.569|
a<14>          |x<23>          |    8.725|
a<14>          |x<24>          |    8.903|
a<14>          |x<25>          |    8.848|
a<14>          |x<26>          |    8.837|
a<14>          |x<27>          |    9.401|
a<14>          |x<28>          |    9.820|
a<14>          |x<29>          |    8.448|
a<14>          |x<30>          |    9.158|
a<14>          |x<31>          |    8.764|
a<15>          |x<0>           |   10.673|
a<15>          |x<14>          |    7.877|
a<15>          |x<15>          |    8.112|
a<15>          |x<16>          |    9.718|
a<15>          |x<17>          |    9.592|
a<15>          |x<18>          |    9.020|
a<15>          |x<19>          |    9.662|
a<15>          |x<20>          |    9.366|
a<15>          |x<21>          |    9.203|
a<15>          |x<22>          |    8.443|
a<15>          |x<23>          |    8.599|
a<15>          |x<24>          |    8.777|
a<15>          |x<25>          |    8.722|
a<15>          |x<26>          |    8.711|
a<15>          |x<27>          |    9.275|
a<15>          |x<28>          |    9.694|
a<15>          |x<29>          |    8.322|
a<15>          |x<30>          |    9.032|
a<15>          |x<31>          |    8.638|
a<16>          |x<0>           |   10.440|
a<16>          |x<15>          |    6.766|
a<16>          |x<16>          |    8.828|
a<16>          |x<17>          |    8.981|
a<16>          |x<18>          |    8.844|
a<16>          |x<19>          |    9.486|
a<16>          |x<20>          |    9.190|
a<16>          |x<21>          |    9.027|
a<16>          |x<22>          |    8.267|
a<16>          |x<23>          |    8.423|
a<16>          |x<24>          |    8.601|
a<16>          |x<25>          |    8.546|
a<16>          |x<26>          |    8.535|
a<16>          |x<27>          |    9.099|
a<16>          |x<28>          |    9.518|
a<16>          |x<29>          |    8.146|
a<16>          |x<30>          |    8.856|
a<16>          |x<31>          |    8.462|
a<17>          |x<0>           |   11.331|
a<17>          |x<16>          |    8.879|
a<17>          |x<17>          |    9.159|
a<17>          |x<18>          |    9.192|
a<17>          |x<19>          |    9.834|
a<17>          |x<20>          |    9.538|
a<17>          |x<21>          |    9.375|
a<17>          |x<22>          |    8.615|
a<17>          |x<23>          |    8.771|
a<17>          |x<24>          |    8.949|
a<17>          |x<25>          |    8.894|
a<17>          |x<26>          |    8.883|
a<17>          |x<27>          |    9.447|
a<17>          |x<28>          |    9.866|
a<17>          |x<29>          |    8.494|
a<17>          |x<30>          |    9.204|
a<17>          |x<31>          |    8.810|
a<18>          |x<0>           |    9.322|
a<18>          |x<17>          |    7.140|
a<18>          |x<18>          |    7.917|
a<18>          |x<19>          |    8.838|
a<18>          |x<20>          |    8.977|
a<18>          |x<21>          |    8.814|
a<18>          |x<22>          |    8.054|
a<18>          |x<23>          |    8.210|
a<18>          |x<24>          |    8.388|
a<18>          |x<25>          |    8.333|
a<18>          |x<26>          |    8.322|
a<18>          |x<27>          |    8.886|
a<18>          |x<28>          |    9.305|
a<18>          |x<29>          |    7.933|
a<18>          |x<30>          |    8.643|
a<18>          |x<31>          |    8.249|
a<19>          |x<0>           |   10.598|
a<19>          |x<18>          |    7.561|
a<19>          |x<19>          |    8.766|
a<19>          |x<20>          |    9.075|
a<19>          |x<21>          |    8.912|
a<19>          |x<22>          |    8.152|
a<19>          |x<23>          |    8.308|
a<19>          |x<24>          |    8.486|
a<19>          |x<25>          |    8.431|
a<19>          |x<26>          |    8.420|
a<19>          |x<27>          |    8.984|
a<19>          |x<28>          |    9.403|
a<19>          |x<29>          |    8.031|
a<19>          |x<30>          |    8.741|
a<19>          |x<31>          |    8.347|
a<20>          |x<0>           |   10.145|
a<20>          |x<19>          |    7.567|
a<20>          |x<20>          |    7.941|
a<20>          |x<21>          |    8.057|
a<20>          |x<22>          |    7.732|
a<20>          |x<23>          |    7.888|
a<20>          |x<24>          |    8.066|
a<20>          |x<25>          |    8.011|
a<20>          |x<26>          |    8.000|
a<20>          |x<27>          |    8.564|
a<20>          |x<28>          |    8.983|
a<20>          |x<29>          |    7.611|
a<20>          |x<30>          |    8.321|
a<20>          |x<31>          |    7.927|
a<21>          |x<0>           |   10.264|
a<21>          |x<20>          |    6.896|
a<21>          |x<21>          |    8.131|
a<21>          |x<22>          |    7.976|
a<21>          |x<23>          |    8.132|
a<21>          |x<24>          |    8.310|
a<21>          |x<25>          |    8.255|
a<21>          |x<26>          |    8.244|
a<21>          |x<27>          |    8.808|
a<21>          |x<28>          |    9.227|
a<21>          |x<29>          |    7.855|
a<21>          |x<30>          |    8.565|
a<21>          |x<31>          |    8.171|
a<22>          |x<0>           |    9.169|
a<22>          |x<21>          |    7.003|
a<22>          |x<22>          |    6.943|
a<22>          |x<23>          |    7.378|
a<22>          |x<24>          |    7.991|
a<22>          |x<25>          |    7.936|
a<22>          |x<26>          |    7.925|
a<22>          |x<27>          |    8.489|
a<22>          |x<28>          |    8.908|
a<22>          |x<29>          |    7.536|
a<22>          |x<30>          |    8.246|
a<22>          |x<31>          |    7.852|
a<23>          |x<0>           |   10.078|
a<23>          |x<22>          |    6.665|
a<23>          |x<23>          |    7.552|
a<23>          |x<24>          |    8.335|
a<23>          |x<25>          |    8.280|
a<23>          |x<26>          |    8.269|
a<23>          |x<27>          |    8.833|
a<23>          |x<28>          |    9.252|
a<23>          |x<29>          |    7.880|
a<23>          |x<30>          |    8.590|
a<23>          |x<31>          |    8.196|
a<24>          |x<0>           |    9.820|
a<24>          |x<23>          |    6.175|
a<24>          |x<24>          |    6.934|
a<24>          |x<25>          |    7.158|
a<24>          |x<26>          |    7.582|
a<24>          |x<27>          |    8.146|
a<24>          |x<28>          |    8.565|
a<24>          |x<29>          |    7.193|
a<24>          |x<30>          |    7.903|
a<24>          |x<31>          |    7.509|
a<25>          |x<0>           |    9.254|
a<25>          |x<24>          |    6.110|
a<25>          |x<25>          |    6.316|
a<25>          |x<26>          |    6.910|
a<25>          |x<27>          |    7.474|
a<25>          |x<28>          |    7.893|
a<25>          |x<29>          |    6.521|
a<25>          |x<30>          |    7.231|
a<25>          |x<31>          |    6.837|
a<26>          |x<0>           |    9.451|
a<26>          |x<25>          |    6.376|
a<26>          |x<26>          |    6.976|
a<26>          |x<27>          |    7.819|
a<26>          |x<28>          |    8.673|
a<26>          |x<29>          |    7.301|
a<26>          |x<30>          |    8.011|
a<26>          |x<31>          |    7.617|
a<27>          |x<0>           |    9.495|
a<27>          |x<26>          |    6.374|
a<27>          |x<27>          |    7.511|
a<27>          |x<28>          |    8.535|
a<27>          |x<29>          |    7.163|
a<27>          |x<30>          |    7.873|
a<27>          |x<31>          |    7.479|
a<28>          |x<0>           |    8.921|
a<28>          |x<27>          |    6.248|
a<28>          |x<28>          |    8.176|
a<28>          |x<29>          |    7.083|
a<28>          |x<30>          |    8.228|
a<28>          |x<31>          |    7.834|
a<29>          |x<0>           |    9.106|
a<29>          |x<28>          |    6.760|
a<29>          |x<29>          |    6.236|
a<29>          |x<30>          |    7.551|
a<29>          |x<31>          |    7.157|
a<30>          |x<0>           |    8.450|
a<30>          |x<29>          |    5.299|
a<30>          |x<30>          |    7.024|
a<30>          |x<31>          |    6.909|
a<31>          |x<0>           |    8.929|
a<31>          |x<30>          |    6.228|
a<31>          |x<31>          |    6.305|
b<0>           |x<0>           |    9.807|
b<0>           |x<1>           |    8.967|
b<0>           |x<2>           |    9.122|
b<0>           |x<3>           |    9.690|
b<0>           |x<4>           |    9.232|
b<0>           |x<5>           |    9.504|
b<0>           |x<6>           |    9.354|
b<0>           |x<7>           |    9.591|
b<0>           |x<8>           |    9.754|
b<0>           |x<9>           |    9.512|
b<0>           |x<10>          |    8.564|
b<0>           |x<11>          |    9.489|
b<0>           |x<12>          |    9.704|
b<0>           |x<13>          |    9.636|
b<0>           |x<14>          |    9.459|
b<0>           |x<15>          |    8.512|
b<0>           |x<16>          |    9.513|
b<0>           |x<17>          |    9.387|
b<0>           |x<18>          |    8.815|
b<0>           |x<19>          |    9.457|
b<0>           |x<20>          |    9.161|
b<0>           |x<21>          |    8.998|
b<0>           |x<22>          |    8.238|
b<0>           |x<23>          |    8.394|
b<0>           |x<24>          |    8.572|
b<0>           |x<25>          |    8.517|
b<0>           |x<26>          |    8.506|
b<0>           |x<27>          |    9.070|
b<0>           |x<28>          |    9.489|
b<0>           |x<29>          |    8.117|
b<0>           |x<30>          |    8.827|
b<0>           |x<31>          |    8.433|
b<1>           |x<0>           |   11.101|
b<1>           |x<1>           |    9.770|
b<1>           |x<2>           |   10.095|
b<1>           |x<3>           |   10.663|
b<1>           |x<4>           |   10.205|
b<1>           |x<5>           |   10.477|
b<1>           |x<6>           |   10.327|
b<1>           |x<7>           |   10.564|
b<1>           |x<8>           |   10.727|
b<1>           |x<9>           |   10.485|
b<1>           |x<10>          |    9.537|
b<1>           |x<11>          |   10.462|
b<1>           |x<12>          |   10.677|
b<1>           |x<13>          |   10.609|
b<1>           |x<14>          |   10.432|
b<1>           |x<15>          |    9.485|
b<1>           |x<16>          |   10.486|
b<1>           |x<17>          |   10.360|
b<1>           |x<18>          |    9.788|
b<1>           |x<19>          |   10.430|
b<1>           |x<20>          |   10.134|
b<1>           |x<21>          |    9.971|
b<1>           |x<22>          |    9.211|
b<1>           |x<23>          |    9.367|
b<1>           |x<24>          |    9.545|
b<1>           |x<25>          |    9.490|
b<1>           |x<26>          |    9.479|
b<1>           |x<27>          |   10.043|
b<1>           |x<28>          |   10.462|
b<1>           |x<29>          |    9.090|
b<1>           |x<30>          |    9.800|
b<1>           |x<31>          |    9.406|
b<2>           |x<0>           |   10.673|
b<2>           |x<2>           |    8.349|
b<2>           |x<3>           |    9.196|
b<2>           |x<4>           |    9.173|
b<2>           |x<5>           |    9.445|
b<2>           |x<6>           |    9.295|
b<2>           |x<7>           |    9.532|
b<2>           |x<8>           |    9.695|
b<2>           |x<9>           |    9.453|
b<2>           |x<10>          |    8.505|
b<2>           |x<11>          |    9.430|
b<2>           |x<12>          |    9.645|
b<2>           |x<13>          |    9.577|
b<2>           |x<14>          |    9.400|
b<2>           |x<15>          |    8.453|
b<2>           |x<16>          |    9.454|
b<2>           |x<17>          |    9.328|
b<2>           |x<18>          |    8.756|
b<2>           |x<19>          |    9.398|
b<2>           |x<20>          |    9.102|
b<2>           |x<21>          |    8.939|
b<2>           |x<22>          |    8.179|
b<2>           |x<23>          |    8.335|
b<2>           |x<24>          |    8.513|
b<2>           |x<25>          |    8.458|
b<2>           |x<26>          |    8.447|
b<2>           |x<27>          |    9.011|
b<2>           |x<28>          |    9.430|
b<2>           |x<29>          |    8.058|
b<2>           |x<30>          |    8.768|
b<2>           |x<31>          |    8.374|
b<3>           |x<0>           |   11.262|
b<3>           |x<3>           |   10.435|
b<3>           |x<4>           |   10.582|
b<3>           |x<5>           |   10.854|
b<3>           |x<6>           |   10.704|
b<3>           |x<7>           |   10.941|
b<3>           |x<8>           |   11.104|
b<3>           |x<9>           |   10.862|
b<3>           |x<10>          |    9.914|
b<3>           |x<11>          |   10.839|
b<3>           |x<12>          |   11.054|
b<3>           |x<13>          |   10.986|
b<3>           |x<14>          |   10.809|
b<3>           |x<15>          |    9.862|
b<3>           |x<16>          |   10.863|
b<3>           |x<17>          |   10.737|
b<3>           |x<18>          |   10.165|
b<3>           |x<19>          |   10.807|
b<3>           |x<20>          |   10.511|
b<3>           |x<21>          |   10.348|
b<3>           |x<22>          |    9.588|
b<3>           |x<23>          |    9.744|
b<3>           |x<24>          |    9.922|
b<3>           |x<25>          |    9.867|
b<3>           |x<26>          |    9.856|
b<3>           |x<27>          |   10.420|
b<3>           |x<28>          |   10.839|
b<3>           |x<29>          |    9.467|
b<3>           |x<30>          |   10.177|
b<3>           |x<31>          |    9.783|
b<4>           |x<0>           |   10.870|
b<4>           |x<4>           |    9.383|
b<4>           |x<5>           |    9.934|
b<4>           |x<6>           |   10.219|
b<4>           |x<7>           |   10.456|
b<4>           |x<8>           |   10.619|
b<4>           |x<9>           |   10.377|
b<4>           |x<10>          |    9.429|
b<4>           |x<11>          |   10.354|
b<4>           |x<12>          |   10.569|
b<4>           |x<13>          |   10.501|
b<4>           |x<14>          |   10.324|
b<4>           |x<15>          |    9.377|
b<4>           |x<16>          |   10.378|
b<4>           |x<17>          |   10.252|
b<4>           |x<18>          |    9.680|
b<4>           |x<19>          |   10.322|
b<4>           |x<20>          |   10.026|
b<4>           |x<21>          |    9.863|
b<4>           |x<22>          |    9.103|
b<4>           |x<23>          |    9.259|
b<4>           |x<24>          |    9.437|
b<4>           |x<25>          |    9.382|
b<4>           |x<26>          |    9.371|
b<4>           |x<27>          |    9.935|
b<4>           |x<28>          |   10.354|
b<4>           |x<29>          |    8.982|
b<4>           |x<30>          |    9.692|
b<4>           |x<31>          |    9.298|
b<5>           |x<0>           |   11.156|
b<5>           |x<5>           |    9.590|
b<5>           |x<6>           |   10.045|
b<5>           |x<7>           |   10.282|
b<5>           |x<8>           |   10.445|
b<5>           |x<9>           |   10.203|
b<5>           |x<10>          |    9.255|
b<5>           |x<11>          |   10.180|
b<5>           |x<12>          |   10.395|
b<5>           |x<13>          |   10.327|
b<5>           |x<14>          |   10.150|
b<5>           |x<15>          |    9.203|
b<5>           |x<16>          |   10.204|
b<5>           |x<17>          |   10.078|
b<5>           |x<18>          |    9.506|
b<5>           |x<19>          |   10.148|
b<5>           |x<20>          |    9.852|
b<5>           |x<21>          |    9.689|
b<5>           |x<22>          |    8.929|
b<5>           |x<23>          |    9.085|
b<5>           |x<24>          |    9.263|
b<5>           |x<25>          |    9.208|
b<5>           |x<26>          |    9.197|
b<5>           |x<27>          |    9.761|
b<5>           |x<28>          |   10.180|
b<5>           |x<29>          |    8.808|
b<5>           |x<30>          |    9.518|
b<5>           |x<31>          |    9.124|
b<6>           |x<0>           |   10.179|
b<6>           |x<6>           |    9.059|
b<6>           |x<7>           |    9.575|
b<6>           |x<8>           |   10.173|
b<6>           |x<9>           |    9.931|
b<6>           |x<10>          |    8.983|
b<6>           |x<11>          |    9.908|
b<6>           |x<12>          |   10.123|
b<6>           |x<13>          |   10.055|
b<6>           |x<14>          |    9.878|
b<6>           |x<15>          |    8.931|
b<6>           |x<16>          |    9.932|
b<6>           |x<17>          |    9.806|
b<6>           |x<18>          |    9.234|
b<6>           |x<19>          |    9.876|
b<6>           |x<20>          |    9.580|
b<6>           |x<21>          |    9.417|
b<6>           |x<22>          |    8.657|
b<6>           |x<23>          |    8.813|
b<6>           |x<24>          |    8.991|
b<6>           |x<25>          |    8.936|
b<6>           |x<26>          |    8.925|
b<6>           |x<27>          |    9.489|
b<6>           |x<28>          |    9.908|
b<6>           |x<29>          |    8.536|
b<6>           |x<30>          |    9.246|
b<6>           |x<31>          |    8.852|
b<7>           |x<0>           |   10.709|
b<7>           |x<7>           |    9.409|
b<7>           |x<8>           |   10.177|
b<7>           |x<9>           |    9.935|
b<7>           |x<10>          |    8.987|
b<7>           |x<11>          |    9.912|
b<7>           |x<12>          |   10.127|
b<7>           |x<13>          |   10.059|
b<7>           |x<14>          |    9.882|
b<7>           |x<15>          |    8.935|
b<7>           |x<16>          |    9.936|
b<7>           |x<17>          |    9.810|
b<7>           |x<18>          |    9.238|
b<7>           |x<19>          |    9.880|
b<7>           |x<20>          |    9.584|
b<7>           |x<21>          |    9.421|
b<7>           |x<22>          |    8.661|
b<7>           |x<23>          |    8.817|
b<7>           |x<24>          |    8.995|
b<7>           |x<25>          |    8.940|
b<7>           |x<26>          |    8.929|
b<7>           |x<27>          |    9.493|
b<7>           |x<28>          |    9.912|
b<7>           |x<29>          |    8.540|
b<7>           |x<30>          |    9.250|
b<7>           |x<31>          |    8.856|
b<8>           |x<0>           |    9.608|
b<8>           |x<8>           |    8.208|
b<8>           |x<9>           |    8.245|
b<8>           |x<10>          |    7.732|
b<8>           |x<11>          |    8.657|
b<8>           |x<12>          |    8.872|
b<8>           |x<13>          |    8.804|
b<8>           |x<14>          |    8.627|
b<8>           |x<15>          |    7.680|
b<8>           |x<16>          |    8.681|
b<8>           |x<17>          |    8.555|
b<8>           |x<18>          |    7.983|
b<8>           |x<19>          |    8.625|
b<8>           |x<20>          |    8.329|
b<8>           |x<21>          |    8.166|
b<8>           |x<22>          |    7.406|
b<8>           |x<23>          |    7.562|
b<8>           |x<24>          |    7.740|
b<8>           |x<25>          |    7.685|
b<8>           |x<26>          |    7.674|
b<8>           |x<27>          |    8.238|
b<8>           |x<28>          |    8.657|
b<8>           |x<29>          |    7.285|
b<8>           |x<30>          |    7.995|
b<8>           |x<31>          |    7.601|
b<9>           |x<0>           |    9.845|
b<9>           |x<9>           |    8.285|
b<9>           |x<10>          |    7.942|
b<9>           |x<11>          |    8.867|
b<9>           |x<12>          |    9.082|
b<9>           |x<13>          |    9.014|
b<9>           |x<14>          |    8.837|
b<9>           |x<15>          |    7.890|
b<9>           |x<16>          |    8.891|
b<9>           |x<17>          |    8.765|
b<9>           |x<18>          |    8.193|
b<9>           |x<19>          |    8.835|
b<9>           |x<20>          |    8.539|
b<9>           |x<21>          |    8.376|
b<9>           |x<22>          |    7.616|
b<9>           |x<23>          |    7.772|
b<9>           |x<24>          |    7.950|
b<9>           |x<25>          |    7.895|
b<9>           |x<26>          |    7.884|
b<9>           |x<27>          |    8.448|
b<9>           |x<28>          |    8.867|
b<9>           |x<29>          |    7.495|
b<9>           |x<30>          |    8.205|
b<9>           |x<31>          |    7.811|
b<10>          |x<0>           |    9.529|
b<10>          |x<10>          |    6.949|
b<10>          |x<11>          |    8.153|
b<10>          |x<12>          |    8.803|
b<10>          |x<13>          |    8.735|
b<10>          |x<14>          |    8.558|
b<10>          |x<15>          |    7.611|
b<10>          |x<16>          |    8.612|
b<10>          |x<17>          |    8.486|
b<10>          |x<18>          |    7.914|
b<10>          |x<19>          |    8.556|
b<10>          |x<20>          |    8.260|
b<10>          |x<21>          |    8.097|
b<10>          |x<22>          |    7.337|
b<10>          |x<23>          |    7.493|
b<10>          |x<24>          |    7.671|
b<10>          |x<25>          |    7.616|
b<10>          |x<26>          |    7.605|
b<10>          |x<27>          |    8.169|
b<10>          |x<28>          |    8.588|
b<10>          |x<29>          |    7.216|
b<10>          |x<30>          |    7.926|
b<10>          |x<31>          |    7.532|
b<11>          |x<0>           |   11.650|
b<11>          |x<11>          |    9.774|
b<11>          |x<12>          |   10.594|
b<11>          |x<13>          |   10.526|
b<11>          |x<14>          |   10.349|
b<11>          |x<15>          |    9.402|
b<11>          |x<16>          |   10.403|
b<11>          |x<17>          |   10.277|
b<11>          |x<18>          |    9.705|
b<11>          |x<19>          |   10.347|
b<11>          |x<20>          |   10.051|
b<11>          |x<21>          |    9.888|
b<11>          |x<22>          |    9.128|
b<11>          |x<23>          |    9.284|
b<11>          |x<24>          |    9.462|
b<11>          |x<25>          |    9.407|
b<11>          |x<26>          |    9.396|
b<11>          |x<27>          |    9.960|
b<11>          |x<28>          |   10.379|
b<11>          |x<29>          |    9.007|
b<11>          |x<30>          |    9.717|
b<11>          |x<31>          |    9.323|
b<12>          |x<0>           |   11.177|
b<12>          |x<12>          |    9.135|
b<12>          |x<13>          |    9.346|
b<12>          |x<14>          |    9.604|
b<12>          |x<15>          |    8.657|
b<12>          |x<16>          |    9.658|
b<12>          |x<17>          |    9.532|
b<12>          |x<18>          |    8.960|
b<12>          |x<19>          |    9.602|
b<12>          |x<20>          |    9.306|
b<12>          |x<21>          |    9.143|
b<12>          |x<22>          |    8.383|
b<12>          |x<23>          |    8.539|
b<12>          |x<24>          |    8.717|
b<12>          |x<25>          |    8.662|
b<12>          |x<26>          |    8.651|
b<12>          |x<27>          |    9.215|
b<12>          |x<28>          |    9.634|
b<12>          |x<29>          |    8.262|
b<12>          |x<30>          |    8.972|
b<12>          |x<31>          |    8.578|
b<13>          |x<0>           |    9.752|
b<13>          |x<13>          |    8.189|
b<13>          |x<14>          |    8.617|
b<13>          |x<15>          |    7.670|
b<13>          |x<16>          |    8.671|
b<13>          |x<17>          |    8.545|
b<13>          |x<18>          |    7.973|
b<13>          |x<19>          |    8.615|
b<13>          |x<20>          |    8.319|
b<13>          |x<21>          |    8.156|
b<13>          |x<22>          |    7.396|
b<13>          |x<23>          |    7.552|
b<13>          |x<24>          |    7.730|
b<13>          |x<25>          |    7.675|
b<13>          |x<26>          |    7.664|
b<13>          |x<27>          |    8.228|
b<13>          |x<28>          |    8.647|
b<13>          |x<29>          |    7.275|
b<13>          |x<30>          |    7.985|
b<13>          |x<31>          |    7.591|
b<14>          |x<0>           |    9.975|
b<14>          |x<14>          |    9.071|
b<14>          |x<15>          |    8.403|
b<14>          |x<16>          |    9.839|
b<14>          |x<17>          |    9.713|
b<14>          |x<18>          |    9.141|
b<14>          |x<19>          |    9.783|
b<14>          |x<20>          |    9.487|
b<14>          |x<21>          |    9.324|
b<14>          |x<22>          |    8.564|
b<14>          |x<23>          |    8.720|
b<14>          |x<24>          |    8.898|
b<14>          |x<25>          |    8.843|
b<14>          |x<26>          |    8.832|
b<14>          |x<27>          |    9.396|
b<14>          |x<28>          |    9.815|
b<14>          |x<29>          |    8.443|
b<14>          |x<30>          |    9.153|
b<14>          |x<31>          |    8.759|
b<15>          |x<0>           |   10.399|
b<15>          |x<15>          |    7.757|
b<15>          |x<16>          |    9.363|
b<15>          |x<17>          |    9.237|
b<15>          |x<18>          |    8.665|
b<15>          |x<19>          |    9.307|
b<15>          |x<20>          |    9.011|
b<15>          |x<21>          |    8.848|
b<15>          |x<22>          |    8.088|
b<15>          |x<23>          |    8.244|
b<15>          |x<24>          |    8.422|
b<15>          |x<25>          |    8.367|
b<15>          |x<26>          |    8.356|
b<15>          |x<27>          |    8.920|
b<15>          |x<28>          |    9.339|
b<15>          |x<29>          |    7.967|
b<15>          |x<30>          |    8.677|
b<15>          |x<31>          |    8.283|
b<16>          |x<0>           |    9.872|
b<16>          |x<16>          |    8.523|
b<16>          |x<17>          |    8.676|
b<16>          |x<18>          |    8.539|
b<16>          |x<19>          |    9.181|
b<16>          |x<20>          |    8.885|
b<16>          |x<21>          |    8.722|
b<16>          |x<22>          |    7.962|
b<16>          |x<23>          |    8.118|
b<16>          |x<24>          |    8.296|
b<16>          |x<25>          |    8.241|
b<16>          |x<26>          |    8.230|
b<16>          |x<27>          |    8.794|
b<16>          |x<28>          |    9.213|
b<16>          |x<29>          |    7.841|
b<16>          |x<30>          |    8.551|
b<16>          |x<31>          |    8.157|
b<17>          |x<0>           |    9.787|
b<17>          |x<17>          |    8.671|
b<17>          |x<18>          |    8.704|
b<17>          |x<19>          |    9.346|
b<17>          |x<20>          |    9.050|
b<17>          |x<21>          |    8.887|
b<17>          |x<22>          |    8.127|
b<17>          |x<23>          |    8.283|
b<17>          |x<24>          |    8.461|
b<17>          |x<25>          |    8.406|
b<17>          |x<26>          |    8.395|
b<17>          |x<27>          |    8.959|
b<17>          |x<28>          |    9.378|
b<17>          |x<29>          |    8.006|
b<17>          |x<30>          |    8.716|
b<17>          |x<31>          |    8.322|
b<18>          |x<0>           |   10.259|
b<18>          |x<18>          |    7.840|
b<18>          |x<19>          |    8.761|
b<18>          |x<20>          |    8.900|
b<18>          |x<21>          |    8.737|
b<18>          |x<22>          |    7.977|
b<18>          |x<23>          |    8.133|
b<18>          |x<24>          |    8.311|
b<18>          |x<25>          |    8.256|
b<18>          |x<26>          |    8.245|
b<18>          |x<27>          |    8.809|
b<18>          |x<28>          |    9.228|
b<18>          |x<29>          |    7.856|
b<18>          |x<30>          |    8.566|
b<18>          |x<31>          |    8.172|
b<19>          |x<0>           |    9.680|
b<19>          |x<19>          |    8.252|
b<19>          |x<20>          |    8.561|
b<19>          |x<21>          |    8.398|
b<19>          |x<22>          |    7.638|
b<19>          |x<23>          |    7.794|
b<19>          |x<24>          |    7.972|
b<19>          |x<25>          |    7.917|
b<19>          |x<26>          |    7.906|
b<19>          |x<27>          |    8.470|
b<19>          |x<28>          |    8.889|
b<19>          |x<29>          |    7.517|
b<19>          |x<30>          |    8.227|
b<19>          |x<31>          |    7.833|
b<20>          |x<0>           |    9.839|
b<20>          |x<20>          |    8.113|
b<20>          |x<21>          |    8.229|
b<20>          |x<22>          |    7.904|
b<20>          |x<23>          |    8.060|
b<20>          |x<24>          |    8.238|
b<20>          |x<25>          |    8.183|
b<20>          |x<26>          |    8.172|
b<20>          |x<27>          |    8.736|
b<20>          |x<28>          |    9.155|
b<20>          |x<29>          |    7.783|
b<20>          |x<30>          |    8.493|
b<20>          |x<31>          |    8.099|
b<21>          |x<0>           |    9.539|
b<21>          |x<21>          |    7.042|
b<21>          |x<22>          |    6.887|
b<21>          |x<23>          |    7.043|
b<21>          |x<24>          |    7.221|
b<21>          |x<25>          |    7.166|
b<21>          |x<26>          |    7.155|
b<21>          |x<27>          |    7.719|
b<21>          |x<28>          |    8.138|
b<21>          |x<29>          |    6.766|
b<21>          |x<30>          |    7.476|
b<21>          |x<31>          |    7.082|
b<22>          |x<0>           |    9.823|
b<22>          |x<22>          |    7.241|
b<22>          |x<23>          |    7.676|
b<22>          |x<24>          |    8.289|
b<22>          |x<25>          |    8.234|
b<22>          |x<26>          |    8.223|
b<22>          |x<27>          |    8.787|
b<22>          |x<28>          |    9.206|
b<22>          |x<29>          |    7.834|
b<22>          |x<30>          |    8.544|
b<22>          |x<31>          |    8.150|
b<23>          |x<0>           |   10.093|
b<23>          |x<23>          |    7.267|
b<23>          |x<24>          |    8.050|
b<23>          |x<25>          |    7.995|
b<23>          |x<26>          |    7.984|
b<23>          |x<27>          |    8.548|
b<23>          |x<28>          |    8.967|
b<23>          |x<29>          |    7.595|
b<23>          |x<30>          |    8.305|
b<23>          |x<31>          |    7.911|
b<24>          |x<0>           |    9.617|
b<24>          |x<24>          |    7.833|
b<24>          |x<25>          |    8.057|
b<24>          |x<26>          |    8.481|
b<24>          |x<27>          |    9.045|
b<24>          |x<28>          |    9.464|
b<24>          |x<29>          |    8.092|
b<24>          |x<30>          |    8.802|
b<24>          |x<31>          |    8.408|
b<25>          |x<0>           |    9.905|
b<25>          |x<25>          |    7.155|
b<25>          |x<26>          |    7.749|
b<25>          |x<27>          |    8.313|
b<25>          |x<28>          |    8.732|
b<25>          |x<29>          |    7.360|
b<25>          |x<30>          |    8.070|
b<25>          |x<31>          |    7.676|
b<26>          |x<0>           |    9.734|
b<26>          |x<26>          |    7.487|
b<26>          |x<27>          |    8.330|
b<26>          |x<28>          |    9.184|
b<26>          |x<29>          |    7.812|
b<26>          |x<30>          |    8.522|
b<26>          |x<31>          |    8.128|
b<27>          |x<0>           |    9.581|
b<27>          |x<27>          |    8.019|
b<27>          |x<28>          |    9.043|
b<27>          |x<29>          |    7.671|
b<27>          |x<30>          |    8.381|
b<27>          |x<31>          |    7.987|
b<28>          |x<0>           |    9.257|
b<28>          |x<28>          |    8.013|
b<28>          |x<29>          |    6.920|
b<28>          |x<30>          |    8.065|
b<28>          |x<31>          |    7.671|
b<29>          |x<0>           |    9.636|
b<29>          |x<29>          |    7.022|
b<29>          |x<30>          |    8.337|
b<29>          |x<31>          |    7.943|
b<30>          |x<0>           |    8.471|
b<30>          |x<30>          |    6.623|
b<30>          |x<31>          |    6.508|
b<31>          |x<0>           |    9.198|
b<31>          |x<31>          |    7.037|
op<0>          |x<0>           |   11.962|
op<0>          |x<1>           |   12.092|
op<0>          |x<2>           |   12.247|
op<0>          |x<3>           |   12.815|
op<0>          |x<4>           |   12.357|
op<0>          |x<5>           |   12.629|
op<0>          |x<6>           |   12.479|
op<0>          |x<7>           |   12.716|
op<0>          |x<8>           |   12.879|
op<0>          |x<9>           |   12.637|
op<0>          |x<10>          |   11.689|
op<0>          |x<11>          |   12.614|
op<0>          |x<12>          |   12.829|
op<0>          |x<13>          |   12.761|
op<0>          |x<14>          |   12.584|
op<0>          |x<15>          |   11.637|
op<0>          |x<16>          |   12.638|
op<0>          |x<17>          |   12.512|
op<0>          |x<18>          |   11.940|
op<0>          |x<19>          |   12.582|
op<0>          |x<20>          |   12.286|
op<0>          |x<21>          |   12.123|
op<0>          |x<22>          |   11.363|
op<0>          |x<23>          |   11.519|
op<0>          |x<24>          |   11.697|
op<0>          |x<25>          |   11.642|
op<0>          |x<26>          |   11.631|
op<0>          |x<27>          |   12.195|
op<0>          |x<28>          |   12.614|
op<0>          |x<29>          |   11.242|
op<0>          |x<30>          |   11.952|
op<0>          |x<31>          |   11.558|
op<1>          |x<0>           |   11.287|
op<1>          |x<1>           |   11.417|
op<1>          |x<2>           |   11.572|
op<1>          |x<3>           |   12.140|
op<1>          |x<4>           |   11.682|
op<1>          |x<5>           |   11.954|
op<1>          |x<6>           |   11.804|
op<1>          |x<7>           |   12.041|
op<1>          |x<8>           |   12.204|
op<1>          |x<9>           |   11.962|
op<1>          |x<10>          |   11.014|
op<1>          |x<11>          |   11.939|
op<1>          |x<12>          |   12.154|
op<1>          |x<13>          |   12.086|
op<1>          |x<14>          |   11.909|
op<1>          |x<15>          |   10.962|
op<1>          |x<16>          |   11.963|
op<1>          |x<17>          |   11.837|
op<1>          |x<18>          |   11.265|
op<1>          |x<19>          |   11.907|
op<1>          |x<20>          |   11.611|
op<1>          |x<21>          |   11.448|
op<1>          |x<22>          |   10.688|
op<1>          |x<23>          |   10.844|
op<1>          |x<24>          |   11.022|
op<1>          |x<25>          |   10.967|
op<1>          |x<26>          |   10.956|
op<1>          |x<27>          |   11.520|
op<1>          |x<28>          |   11.939|
op<1>          |x<29>          |   10.567|
op<1>          |x<30>          |   11.277|
op<1>          |x<31>          |   10.883|
op<2>          |x<0>           |   11.121|
op<2>          |x<1>           |   11.251|
op<2>          |x<2>           |   11.406|
op<2>          |x<3>           |   11.974|
op<2>          |x<4>           |   11.516|
op<2>          |x<5>           |   11.788|
op<2>          |x<6>           |   11.638|
op<2>          |x<7>           |   11.875|
op<2>          |x<8>           |   12.038|
op<2>          |x<9>           |   11.796|
op<2>          |x<10>          |   10.848|
op<2>          |x<11>          |   11.773|
op<2>          |x<12>          |   11.988|
op<2>          |x<13>          |   11.920|
op<2>          |x<14>          |   11.743|
op<2>          |x<15>          |   10.796|
op<2>          |x<16>          |   11.797|
op<2>          |x<17>          |   11.671|
op<2>          |x<18>          |   11.099|
op<2>          |x<19>          |   11.741|
op<2>          |x<20>          |   11.445|
op<2>          |x<21>          |   11.282|
op<2>          |x<22>          |   10.522|
op<2>          |x<23>          |   10.678|
op<2>          |x<24>          |   10.856|
op<2>          |x<25>          |   10.801|
op<2>          |x<26>          |   10.790|
op<2>          |x<27>          |   11.354|
op<2>          |x<28>          |   11.773|
op<2>          |x<29>          |   10.401|
op<2>          |x<30>          |   11.111|
op<2>          |x<31>          |   10.717|
---------------+---------------+---------+


Analysis completed Sat Jan 24 17:11:02 2026 
--------------------------------------------------------------------------------

Trace Settings:
-------------------------
Trace Settings 

Peak Memory Usage: 145 MB



